Archive member included to satisfy reference by file (symbol)

app/libapp.a(main.c.obj)      (--whole-archive)
zephyr/libzephyr.a(validate_libc.c.obj)
                              (--whole-archive)
zephyr/libzephyr.a(heap.c.obj)
                              (--whole-archive)
zephyr/libzephyr.a(boot_banner.c.obj)
                              (--whole-archive)
zephyr/libzephyr.a(cbprintf_packaged.c.obj)
                              (--whole-archive)
zephyr/libzephyr.a(clock.c.obj)
                              (--whole-archive)
zephyr/libzephyr.a(printk.c.obj)
                              (--whole-archive)
zephyr/libzephyr.a(cbprintf_complete.c.obj)
                              (--whole-archive)
zephyr/libzephyr.a(assert.c.obj)
                              (--whole-archive)
zephyr/libzephyr.a(dec.c.obj)
                              (--whole-archive)
zephyr/libzephyr.a(hex.c.obj)
                              (--whole-archive)
zephyr/libzephyr.a(rb.c.obj)  (--whole-archive)
zephyr/libzephyr.a(set.c.obj)
                              (--whole-archive)
zephyr/libzephyr.a(timeutil.c.obj)
                              (--whole-archive)
zephyr/libzephyr.a(bitarray.c.obj)
                              (--whole-archive)
zephyr/libzephyr.a(bitmask.c.obj)
                              (--whole-archive)
zephyr/libzephyr.a(getopt.c.obj)
                              (--whole-archive)
zephyr/libzephyr.a(getopt_common.c.obj)
                              (--whole-archive)
zephyr/libzephyr.a(ring_buffer.c.obj)
                              (--whole-archive)
zephyr/libzephyr.a(last_section_id.c.obj)
                              (--whole-archive)
zephyr/libzephyr.a(configs.c.obj)
                              (--whole-archive)
zephyr/libzephyr.a(stm32cube_hal.c.obj)
                              (--whole-archive)
zephyr/libzephyr.a(soc_config.c.obj)
                              (--whole-archive)
zephyr/libzephyr.a(gpioport_mgr.c.obj)
                              (--whole-archive)
zephyr/libzephyr.a(stm32_cache.c.obj)
                              (--whole-archive)
zephyr/libzephyr.a(stm32_backup_domain.c.obj)
                              (--whole-archive)
zephyr/libzephyr.a(soc.c.obj)
                              (--whole-archive)
zephyr/libzephyr.a(tracing_none.c.obj)
                              (--whole-archive)
zephyr/libzephyr.a(hts221_reg.c.obj)
                              (--whole-archive)
zephyr/libzephyr.a(iis2mdc_reg.c.obj)
                              (--whole-archive)
zephyr/libzephyr.a(ism330dhcx_reg.c.obj)
                              (--whole-archive)
zephyr/libzephyr.a(lps22hh_reg.c.obj)
                              (--whole-archive)
zephyr/libzephyr.a(sem.c.obj)
                              (--whole-archive)
zephyr/libzephyr.a(thread_entry.c.obj)
                              (--whole-archive)
zephyr/arch/common/libarch__common.a(sw_isr_common.c.obj)
                              (--whole-archive)
zephyr/arch/common/libarch__common.a(init.c.obj)
                              (--whole-archive)
zephyr/arch/common/libarch__common.a(xip.c.obj)
                              (--whole-archive)
zephyr/arch/arch/arm/core/libarch__arm__core.a(fatal.c.obj)
                              (--whole-archive)
zephyr/arch/arch/arm/core/libarch__arm__core.a(nmi.c.obj)
                              (--whole-archive)
zephyr/arch/arch/arm/core/libarch__arm__core.a(nmi_on_reset.S.obj)
                              (--whole-archive)
zephyr/arch/arch/arm/core/libarch__arm__core.a(tls.c.obj)
                              (--whole-archive)
zephyr/arch/arch/arm/core/cortex_m/libarch__arm__core__cortex_m.a(fault.c.obj)
                              (--whole-archive)
zephyr/arch/arch/arm/core/cortex_m/libarch__arm__core__cortex_m.a(fault_s.S.obj)
                              (--whole-archive)
zephyr/arch/arch/arm/core/cortex_m/libarch__arm__core__cortex_m.a(fpu.c.obj)
                              (--whole-archive)
zephyr/arch/arch/arm/core/cortex_m/libarch__arm__core__cortex_m.a(reset.S.obj)
                              (--whole-archive)
zephyr/arch/arch/arm/core/cortex_m/libarch__arm__core__cortex_m.a(scb.c.obj)
                              (--whole-archive)
zephyr/arch/arch/arm/core/cortex_m/libarch__arm__core__cortex_m.a(vector_table.S.obj)
                              (--whole-archive)
zephyr/arch/arch/arm/core/cortex_m/libarch__arm__core__cortex_m.a(svc.S.obj)
                              (--whole-archive)
zephyr/arch/arch/arm/core/cortex_m/libarch__arm__core__cortex_m.a(irq_manage.c.obj)
                              (--whole-archive)
zephyr/arch/arch/arm/core/cortex_m/libarch__arm__core__cortex_m.a(prep_c.c.obj)
                              (--whole-archive)
zephyr/arch/arch/arm/core/cortex_m/libarch__arm__core__cortex_m.a(thread.c.obj)
                              (--whole-archive)
zephyr/arch/arch/arm/core/cortex_m/libarch__arm__core__cortex_m.a(cpu_idle.c.obj)
[...]
Memory Configuration

Name             Origin             Length             Attributes
FLASH            0x08000000         0x00200000         xr
RAM              0x20000000         0x000c0000         xw
SRAM0            0x20000000         0x000c0000         rw
PSRAM            0x90000000         0x00800000         rw
EXTMEM           0x70000000         0x04000000         rw
IDT_LIST         0xffff7fff         0x00008000         xw
*default*        0x00000000         0xffffffff

Linker script and memory map

                0x08004ef8                        vfprintf = __l_vfprintf
                0x00000000                        vfscanf = __l_vfscanf
LOAD zephyr/CMakeFiles/zephyr_pre0.dir/misc/empty_file.c.obj
LOAD zephyr/CMakeFiles/offsets.dir/./arch/arm/core/offsets/offsets.c.obj
LOAD app/libapp.a
LOAD zephyr/libzephyr.a
LOAD zephyr/arch/common/libarch__common.a
LOAD zephyr/arch/arch/arm/core/libarch__arm__core.a
LOAD zephyr/arch/arch/arm/core/cortex_m/libarch__arm__core__cortex_m.a
LOAD zephyr/arch/arch/arm/core/cortex_m/cmse/libarch__arm__core__cortex_m__cmse.a
LOAD zephyr/lib/libc/picolibc/liblib__libc__picolibc.a
LOAD zephyr/lib/libc/common/liblib__libc__common.a
LOAD zephyr/subsys/portability/posix/c_lib_ext/libsubsys__portability__posix__c_lib_ext.a
LOAD zephyr/drivers/interrupt_controller/libdrivers__interrupt_controller.a
LOAD zephyr/drivers/adc/libdrivers__adc.a
LOAD zephyr/drivers/cache/libdrivers__cache.a
LOAD zephyr/drivers/clock_control/libdrivers__clock_control.a
LOAD zephyr/drivers/console/libdrivers__console.a
LOAD zephyr/drivers/gpio/libdrivers__gpio.a
LOAD zephyr/drivers/i2c/libdrivers__i2c.a
LOAD zephyr/drivers/pinctrl/libdrivers__pinctrl.a
LOAD zephyr/drivers/reset/libdrivers__reset.a
LOAD zephyr/drivers/sensor/st/stmemsc/libdrivers__sensor__st__stmemsc.a
LOAD zephyr/drivers/sensor/st/hts221/libdrivers__sensor__st__hts221.a
LOAD zephyr/drivers/sensor/st/iis2mdc/libdrivers__sensor__st__iis2mdc.a
LOAD zephyr/drivers/sensor/st/ism330dhcx/libdrivers__sensor__st__ism330dhcx.a
LOAD zephyr/drivers/sensor/st/lps22hh/libdrivers__sensor__st__lps22hh.a
LOAD zephyr/drivers/sensor/st/stm32_temp/libdrivers__sensor__st__stm32_temp.a
LOAD zephyr/drivers/sensor/st/stm32_vbat/libdrivers__sensor__st__stm32_vbat.a
LOAD zephyr/drivers/sensor/st/stm32_vref/libdrivers__sensor__st__stm32_vref.a
LOAD zephyr/drivers/sensor/vishay/veml7700/libdrivers__sensor__vishay__veml7700.a
LOAD zephyr/drivers/serial/libdrivers__serial.a
LOAD zephyr/drivers/timer/libdrivers__timer.a
LOAD modules/hal_stm32/stm32cube/lib..__modules__hal__stm32__stm32cube.a
LOAD zephyr/kernel/libkernel.a
LOAD zephyr/arch/common/libisr_tables.a
LOAD /home/fae/zephyr-sdk-1.0.1/gnu/arm-zephyr-eabi/bin/../lib/gcc/arm-zephyr-eabi/14.3.0/../../../../arm-zephyr-eabi/lib/thumb/v8-m.main/nofp/space/libc.a
LOAD /home/fae/zephyr-sdk-1.0.1/gnu/arm-zephyr-eabi/bin/../lib/gcc/arm-zephyr-eabi/14.3.0/thumb/v8-m.main/nofp/space/libgcc.a
                0x00000004                        _region_min_align = 0x4

.rel.plt        0x08000000        0x0
 *(SORT_BY_ALIGNMENT(.rel.plt))
                [!provide]                        PROVIDE (__rel_iplt_start = .)
 *(SORT_BY_ALIGNMENT(.rel.iplt))
 .rel.iplt      0x08000000        0x0 app/libapp.a(main.c.obj)
                [!provide]                        PROVIDE (__rel_iplt_end = .)

.rela.plt       0x00000000        0x0
 *(SORT_BY_ALIGNMENT(.rela.plt))
                [!provide]                        PROVIDE (__rela_iplt_start = .)
 *(SORT_BY_ALIGNMENT(.rela.iplt))
                [!provide]                        PROVIDE (__rela_iplt_end = .)

.rel.dyn
 *(SORT_BY_ALIGNMENT(.rel.*))

.rela.dyn
 *(SORT_BY_ALIGNMENT(.rela.*))

/DISCARD/
 *(SORT_BY_ALIGNMENT(.plt))

/DISCARD/
 *(SORT_BY_ALIGNMENT(.iplt))
                0x08000000                        __rom_region_start = 0x8000000

rom_start       0x08000000      0x224
                0x08000000                        __rom_start_address = .
 FILL mask 0x00
                0x08000000                        . = (. + (0x0 - (. - __rom_start_address)))
                0x08000000                        . = ALIGN (0x4)
                0x08000000                        . = ALIGN (0x80)
                0x08000000                        . = ALIGN (0x400)
                0x08000000                        _vector_start = .
 *(SORT_BY_ALIGNMENT(.exc_vector_table))
 *(SORT_BY_ALIGNMENT(.exc_vector_table.*))
 .exc_vector_table._vector_table_section
                0x08000000       0x40 zephyr/arch/arch/arm/core/cortex_m/libarch__arm__core__cortex_m.a(vector_table.S.obj)
                0x08000000                _vector_table
 *(SORT_BY_ALIGNMENT(.vectors))
                0x08000224                        _vector_end = .
                0x08000040                        . = ALIGN (0x4)
 *(SORT_BY_ALIGNMENT(.gnu.linkonce.irq_vector_table*))
 .gnu.linkonce.irq_vector_table
                0x08000040      0x1e4 zephyr/arch/common/libisr_tables.a(isr_tables.c.obj)
                0x08000040                _irq_vector_table
                0x08000224                        _vector_end = .

text            0x08000228     0x79b8
                0x08000228                        __text_region_start = .
 *(SORT_BY_ALIGNMENT(.text))
 .text          0x08000228      0x21c /home/fae/zephyr-sdk-1.0.1/gnu/arm-zephyr-eabi/bin/../lib/gcc/arm-zephyr-eabi/14.3.0/thumb/v8-m.main/nofp/space/libgcc.a(_arm_addsubsf3.o)
                0x08000228                __aeabi_frsub
                0x08000230                __subsf3
                0x08000230                __aeabi_fsub
                0x08000234                __aeabi_fadd
                0x08000234                __addsf3
                0x08000394                __aeabi_ui2f
                0x08000394                __floatunsisf
                0x0800039c                __aeabi_i2f
                0x0800039c                __floatsisf
                0x080003b8                __floatundisf
                0x080003b8                __aeabi_ul2f
                0x080003c8                __floatdisf
                0x080003c8                __aeabi_l2f
 .text          0x08000444      0x2a0 /home/fae/zephyr-sdk-1.0.1/gnu/arm-zephyr-eabi/bin/../lib/gcc/arm-zephyr-eabi/14.3.0/thumb/v8-m.main/nofp/space/libgcc.a(_arm_muldivsf3.o)
                0x08000444                __mulsf3
                0x08000444                __aeabi_fmul
                0x080005ac                __divsf3
                0x080005ac                __aeabi_fdiv
 .text          0x080006e4       0xec /home/fae/zephyr-sdk-1.0.1/gnu/arm-zephyr-eabi/bin/../lib/gcc/arm-zephyr-eabi/14.3.0/thumb/v8-m.main/nofp/space/libgcc.a(_arm_cmpsf2.o)
                0x080006e4                __gtsf2
                0x080006e4                __gesf2
                0x080006ec                __lesf2
                0x080006ec                __ltsf2
                0x080006f4                __nesf2
                0x080006f4                __eqsf2
                0x080006f4                __cmpsf2
                0x08000754                __aeabi_cfrcmple
                0x0800075c                __aeabi_cfcmple
                0x0800075c                __aeabi_cfcmpeq
                0x0800076c                __aeabi_fcmpeq
                0x08000780                __aeabi_fcmplt
                0x08000794                __aeabi_fcmple
                0x080007a8                __aeabi_fcmpge
                0x080007bc                __aeabi_fcmpgt
 .text          0x080007d0       0x4c /home/fae/zephyr-sdk-1.0.1/gnu/arm-zephyr-eabi/bin/../lib/gcc/arm-zephyr-eabi/14.3.0/thumb/v8-m.main/nofp/space/libgcc.a(_arm_fixsfsi.o)
                0x080007d0                __fixsfsi
                0x080007d0                __aeabi_f2iz
 .text          0x0800081c       0x40 /home/fae/zephyr-sdk-1.0.1/gnu/arm-zephyr-eabi/bin/../lib/gcc/arm-zephyr-eabi/14.3.0/thumb/v8-m.main/nofp/space/libgcc.a(_arm_fixunssfsi.o)
                0x0800081c                __aeabi_f2uiz
                0x0800081c                __fixunssfsi
 .text          0x0800085c       0xa0 /home/fae/zephyr-sdk-1.0.1/gnu/arm-zephyr-eabi/bin/../lib/gcc/arm-zephyr-eabi/14.3.0/thumb/v8-m.main/nofp/space/libgcc.a(_aeabi_ldivmod.o)
                0x0800085c                __aeabi_ldivmod
 .text          0x080008fc       0x30 /home/fae/zephyr-sdk-1.0.1/gnu/arm-zephyr-eabi/bin/../lib/gcc/arm-zephyr-eabi/14.3.0/thumb/v8-m.main/nofp/space/libgcc.a(_aeabi_uldivmod.o)
                0x080008fc                __aeabi_uldivmod
 .text          0x0800092c        0x4 /home/fae/zephyr-sdk-1.0.1/gnu/arm-zephyr-eabi/bin/../lib/gcc/arm-zephyr-eabi/14.3.0/thumb/v8-m.main/nofp/space/libgcc.a(_dvmd_tls.o)
                0x0800092c                __aeabi_ldiv0
                0x0800092c                __aeabi_idiv0
 .text          0x08000930       0x26 /home/fae/zephyr-sdk-1.0.1/gnu/arm-zephyr-eabi/bin/../lib/gcc/arm-zephyr-eabi/14.3.0/thumb/v8-m.main/nofp/space/libgcc.a(_popcountsi2.o)
                0x08000930                __popcountsi2
 .text          0x08000956      0x2ba /home/fae/zephyr-sdk-1.0.1/gnu/arm-zephyr-eabi/bin/../lib/gcc/arm-zephyr-eabi/14.3.0/thumb/v8-m.main/nofp/space/libgcc.a(_udivmoddi4.o)
                0x08000956                __udivmoddi4
 *(SORT_BY_ALIGNMENT(.text.*))
 .text.ism330dhcx_gyro_convert
                0x08000c10       0x60 zephyr/drivers/sensor/st/ism330dhcx/libdrivers__sensor__st__ism330dhcx.a(ism330dhcx.c.obj)
 .text.ism330dhcx_attr_set
                0x08000c70      0x12c zephyr/drivers/sensor/st/ism330dhcx/libdrivers__sensor__st__ism330dhcx.a(ism330dhcx.c.obj)
 *fill*         0x08000d9c        0x4 
 .text.ism330dhcx_channel_get
                0x08000da0      0x108 zephyr/drivers/sensor/st/ism330dhcx/libdrivers__sensor__st__ism330dhcx.a(ism330dhcx.c.obj)
 .text.main     0x08000ea8       0x5c app/libapp.a(main.c.obj)
                0x08000ea8                main
 .text.boot_banner
                0x08000f04       0x10 zephyr/libzephyr.a(boot_banner.c.obj)
 .text.char_out
                0x08000f14        0xc zephyr/libzephyr.a(printk.c.obj)
 .text.__printk_hook_install
                0x08000f20        0xc zephyr/libzephyr.a(printk.c.obj)
                0x08000f20                __printk_hook_install
 .text.vprintk  0x08000f2c       0x30 zephyr/libzephyr.a(printk.c.obj)
                0x08000f2c                vprintk
 .text.st_stm32_common_config
                0x08000f5c       0x14 zephyr/libzephyr.a(soc_config.c.obj)
 .text.stm32_gpioport_init
                0x08000f70       0x30 zephyr/libzephyr.a(gpioport_mgr.c.obj)
 .text.stm32_gpioport_get
                0x08000fa0       0x24 zephyr/libzephyr.a(gpioport_mgr.c.obj)
                0x08000fa0                stm32_gpioport_get
 .text.stm32_backup_domain_enable_access
                0x08000fc4       0x3c zephyr/libzephyr.a(stm32_backup_domain.c.obj)
                0x08000fc4                stm32_backup_domain_enable_access
 .text.stm32_backup_domain_disable_access
                0x08001000       0x58 zephyr/libzephyr.a(stm32_backup_domain.c.obj)
                0x08001000                stm32_backup_domain_disable_access
 .text.soc_early_init_hook
                0x08001058       0x50 zephyr/libzephyr.a(soc.c.obj)
                0x08001058                soc_early_init_hook
 .text.z_thread_entry
                0x080010a8       0x34 zephyr/libzephyr.a(thread_entry.c.obj)
                0x080010a8                z_thread_entry
 .text.arch_bss_zero
                0x080010dc       0x18 zephyr/arch/common/libarch__common.a(init.c.obj)
                0x080010dc                arch_bss_zero
 .text.arch_data_copy
                0x080010f4       0x38 zephyr/arch/common/libarch__common.a(xip.c.obj)
                0x080010f4                arch_data_copy
 .text.z_arm_fatal_error
                0x0800112c       0x60 zephyr/arch/arch/arm/core/libarch__arm__core.a(fatal.c.obj)
                0x0800112c                z_arm_fatal_error
 .text.z_SysNmiOnReset
                0x0800118c        0x8 zephyr/arch/arch/arm/core/libarch__arm__core.a(nmi_on_reset.S.obj)
                0x0800118c                z_SysNmiOnReset
 .text.arch_tls_stack_setup
                0x08001194       0x40 zephyr/arch/arch/arm/core/libarch__arm__core.a(tls.c.obj)
                0x08001194                arch_tls_stack_setup
 .text.usage_fault.isra.0
                0x080011d4       0xa8 zephyr/arch/arch/arm/core/cortex_m/libarch__arm__core__cortex_m.a(fault.c.obj)
 .text.bus_fault.isra.0
                0x0800127c       0xb8 zephyr/arch/arch/arm/core/cortex_m/libarch__arm__core__cortex_m.a(fault.c.obj)
 .text.mem_manage_fault.isra.0
                0x08001334       0xbc zephyr/arch/arch/arm/core/cortex_m/libarch__arm__core__cortex_m.a(fault.c.obj)
 .text.z_arm_fault
                0x080013f0      0x1a8 zephyr/arch/arch/arm/core/cortex_m/libarch__arm__core__cortex_m.a(fault.c.obj)
                0x080013f0                z_arm_fault
 .text.z_arm_fault_init
                0x08001598       0x18 zephyr/arch/arch/arm/core/cortex_m/libarch__arm__core__cortex_m.a(fault.c.obj)
                0x08001598                z_arm_fault_init
 .text.__fault  0x080015b0       0x14 zephyr/arch/arch/arm/core/cortex_m/libarch__arm__core__cortex_m.a(fault_s.S.obj)
                0x080015b0                z_arm_bus_fault
                0x080015b0                z_arm_usage_fault
                0x080015b0                z_arm_mpu_fault
                0x080015b0                z_arm_exc_spurious
                0x080015b0                z_arm_debug_monitor
                0x080015b0                z_arm_hard_fault
 .text._reset_section
                0x080015c4       0x34 zephyr/arch/arch/arm/core/cortex_m/libarch__arm__core__cortex_m.a(reset.S.obj)
                0x080015c4                z_arm_reset
                0x080015c4                __start
 .text.z_arm_svc
                0x080015f8       0x24 zephyr/arch/arch/arm/core/cortex_m/libarch__arm__core__cortex_m.a(svc.S.obj)
                0x080015f8                z_arm_svc
 .text.arm_irq_enable
                0x0800161c       0x1c zephyr/arch/arch/arm/core/cortex_m/libarch__arm__core__cortex_m.a(irq_manage.c.obj)
                0x0800161c                arm_irq_enable
 .text.arm_irq_priority_set
                0x08001638       0x2c zephyr/arch/arch/arm/core/cortex_m/libarch__arm__core__cortex_m.a(irq_manage.c.obj)
                0x08001638                arm_irq_priority_set
 .text.relocate_vector_table
                0x08001664       0x1c zephyr/arch/arch/arm/core/cortex_m/libarch__arm__core__cortex_m.a(prep_c.c.obj)
                0x08001664                relocate_vector_table
 .text.z_prep_c
                0x08001680       0x38 zephyr/arch/arch/arm/core/cortex_m/libarch__arm__core__cortex_m.a(prep_c.c.obj)
                0x08001680                z_prep_c
 .text.arch_new_thread
                0x080016b8       0x38 zephyr/arch/arch/arm/core/cortex_m/libarch__arm__core__cortex_m.a(thread.c.obj)
                0x080016b8                arch_new_thread
 .text.arch_switch_to_main_thread
                0x080016f0       0x38 zephyr/arch/arch/arm/core/cortex_m/libarch__arm__core__cortex_m.a(thread.c.obj)
                0x080016f0                arch_switch_to_main_thread
 .text.z_arm_cpu_idle_init
                0x08001728        0xc zephyr/arch/arch/arm/core/cortex_m/libarch__arm__core__cortex_m.a(cpu_idle.c.obj)
                0x08001728                z_arm_cpu_idle_init
 .text._HandlerModeExit
                0x08001734       0x20 zephyr/arch/arch/arm/core/cortex_m/libarch__arm__core__cortex_m.a(exc_exit.c.obj)
                0x08001734                z_arm_exc_exit
                0x08001734                z_arm_int_exit
 .text.z_impl_k_thread_abort
                0x08001754       0x2c zephyr/arch/arch/arm/core/cortex_m/libarch__arm__core__cortex_m.a(thread_abort.c.obj)
                0x08001754                z_impl_k_thread_abort
 .text.z_arm_pendsv
                0x08001780       0x54 zephyr/arch/arch/arm/core/cortex_m/libarch__arm__core__cortex_m.a(swap_helper.S.obj)
                0x08001780                z_arm_pendsv
 .text.z_arm_interrupt_init
                0x080017d4       0x18 zephyr/arch/arch/arm/core/cortex_m/libarch__arm__core__cortex_m.a(irq_init.c.obj)
                0x080017d4                z_arm_interrupt_init
 .text._isr_wrapper
                0x080017ec       0x24 zephyr/arch/arch/arm/core/cortex_m/libarch__arm__core__cortex_m.a(isr_wrapper.c.obj)
                0x080017ec                _isr_wrapper
 .text.__aeabi_read_tp
                0x08001810        0xc zephyr/arch/arch/arm/core/cortex_m/libarch__arm__core__cortex_m.a(__aeabi_read_tp.S.obj)
                0x08001810                __aeabi_read_tp
 .text.z_impl_zephyr_fputc
                0x0800181c       0x10 zephyr/lib/libc/picolibc/liblib__libc__picolibc.a(stdio.c.obj)
                0x0800181c                z_impl_zephyr_fputc
 .text.__stdout_hook_install
                0x0800182c       0x18 zephyr/lib/libc/picolibc/liblib__libc__picolibc.a(stdio.c.obj)
                0x0800182c                __stdout_hook_install
 .text.malloc_prepare
                0x08001844       0x24 zephyr/lib/libc/common/liblib__libc__common.a(malloc.c.obj)
 .text.stm32_exti_init
                0x08001868       0x2c zephyr/drivers/interrupt_controller/libdrivers__interrupt_controller.a(intc_exti_stm32.c.obj)
 .text.stm32_exti_is_pending
                0x08001894       0x28 zephyr/drivers/interrupt_controller/libdrivers__interrupt_controller.a(intc_exti_stm32.c.obj)
                0x08001894                stm32_exti_is_pending
 .text.stm32_exti_clear_pending
                0x080018bc       0x24 zephyr/drivers/interrupt_controller/libdrivers__interrupt_controller.a(intc_exti_stm32.c.obj)
                0x080018bc                stm32_exti_clear_pending
 .text.stm32_intc_gpio_isr
                0x080018e0       0x4c zephyr/drivers/interrupt_controller/libdrivers__interrupt_controller.a(intc_gpio_stm32.c.obj)
 .text.stm32_fill_irq_table.constprop.0
                0x0800192c        0xc zephyr/drivers/interrupt_controller/libdrivers__interrupt_controller.a(intc_gpio_stm32.c.obj)
 .text.stm32_gpio_intc_enable_line
                0x08001938       0x30 zephyr/drivers/interrupt_controller/libdrivers__interrupt_controller.a(intc_gpio_stm32.c.obj)
                0x08001938                stm32_gpio_intc_enable_line
 .text.stm32_gpio_intc_disable_line
                0x08001968       0x14 zephyr/drivers/interrupt_controller/libdrivers__interrupt_controller.a(intc_gpio_stm32.c.obj)
                0x08001968                stm32_gpio_intc_disable_line
 .text.stm32_gpio_intc_select_line_trigger
                0x0800197c       0x50 zephyr/drivers/interrupt_controller/libdrivers__interrupt_controller.a(intc_gpio_stm32.c.obj)
                0x0800197c                stm32_gpio_intc_select_line_trigger
 .text.stm32_gpio_intc_set_irq_callback
                0x080019cc       0x40 zephyr/drivers/interrupt_controller/libdrivers__interrupt_controller.a(intc_gpio_stm32.c.obj)
                0x080019cc                stm32_gpio_intc_set_irq_callback
 .text.stm32_gpio_intc_remove_irq_callback
                0x08001a0c       0x24 zephyr/drivers/interrupt_controller/libdrivers__interrupt_controller.a(intc_gpio_stm32.c.obj)
                0x08001a0c                stm32_gpio_intc_remove_irq_callback
 .text.stm32_exti_get_line_src_port
                0x08001a30       0x24 zephyr/drivers/interrupt_controller/libdrivers__interrupt_controller.a(intc_gpio_stm32.c.obj)
                0x08001a30                stm32_exti_get_line_src_port
 .text.LL_ADC_SetChannelSamplingTime
                0x08001a54       0x58 zephyr/drivers/adc/libdrivers__adc.a(adc_stm32.c.obj)
 .text.adc_stm32_isr_37
                0x08001aac        0xc zephyr/drivers/adc/libdrivers__adc.a(adc_stm32.c.obj)
 .text.adc_stm32_isr_113
                0x08001ab8        0xc zephyr/drivers/adc/libdrivers__adc.a(adc_stm32.c.obj)
 .text.adc_stm32_channel_setup
                0x08001ac4      0x1ac zephyr/drivers/adc/libdrivers__adc.a(adc_stm32.c.obj)
 .text.adc_stm32_oversampling_scope.isra.0
                0x08001c70       0x44 zephyr/drivers/adc/libdrivers__adc.a(adc_stm32.c.obj)
 .text.adc_stm32_oversampling_ratioshift.isra.0
                0x08001cb4       0x68 zephyr/drivers/adc/libdrivers__adc.a(adc_stm32.c.obj)
 .text.adc_stm32_calibration_start.isra.0
                0x08001d1c       0x94 zephyr/drivers/adc/libdrivers__adc.a(adc_stm32.c.obj)
 .text.adc_stm32_calibrate
                0x08001db0       0x50 zephyr/drivers/adc/libdrivers__adc.a(adc_stm32.c.obj)
 .text.adc_stm32_read_sync
                0x08001e00      0x360 zephyr/drivers/adc/libdrivers__adc.a(adc_stm32.c.obj)
 .text.adc_stm32_init
                0x08002160      0x144 zephyr/drivers/adc/libdrivers__adc.a(adc_stm32.c.obj)
 .text.cache_instr_enable
                0x080022a4       0x24 zephyr/drivers/cache/libdrivers__cache.a(cache_stm32.c.obj)
                0x080022a4                cache_instr_enable
 .text.get_msis_frequency
                0x080022c8       0x40 zephyr/drivers/clock_control/libdrivers__clock_control.a(clock_stm32_ll_u5.c.obj)
 .text.stm32_clock_control_get_subsys_rate
                0x08002308       0xe8 zephyr/drivers/clock_control/libdrivers__clock_control.a(clock_stm32_ll_u5.c.obj)
 .text.stm32_clock_control_init
                0x080023f0      0x290 zephyr/drivers/clock_control/libdrivers__clock_control.a(clock_stm32_ll_u5.c.obj)
                0x080023f0                stm32_clock_control_init
 .text.enabled_clock
                0x08002680       0x20 zephyr/drivers/clock_control/libdrivers__clock_control.a(clock_stm32_ll_u5.c.obj)
                0x08002680                enabled_clock
 .text.uart_console_init
                0x080026a0       0x28 zephyr/drivers/console/libdrivers__console.a(uart_console.c.obj)
 .text.console_out
                0x080026c8       0x28 zephyr/drivers/console/libdrivers__console.a(uart_console.c.obj)
 .text.gpio_stm32_pin_interrupt_configure
                0x080026f0       0xac zephyr/drivers/gpio/libdrivers__gpio.a(gpio_stm32.c.obj)
 .text.i2c_stm32_runtime_configure
                0x0800279c       0x74 zephyr/drivers/i2c/libdrivers__i2c.a(i2c_stm32.c.obj)
                0x0800279c                i2c_stm32_runtime_configure
 .text.i2c_stm32_init
                0x08002810       0x9c zephyr/drivers/i2c/libdrivers__i2c.a(i2c_stm32.c.obj)
 .text.i2c_stm32_activate
                0x080028ac       0x3c zephyr/drivers/i2c/libdrivers__i2c.a(i2c_stm32_common.c.obj)
                0x080028ac                i2c_stm32_activate
 .text.i2c_stm32_configure_timing
                0x080028e8      0x130 zephyr/drivers/i2c/libdrivers__i2c.a(i2c_stm32_v2.c.obj)
                0x080028e8                i2c_stm32_configure_timing
 .text.hts221_channel_get
                0x08002a18       0x90 zephyr/drivers/sensor/st/hts221/libdrivers__sensor__st__hts221.a(hts221.c.obj)
 .text.iis2mdc_channel_get
                0x08002aa8       0x7c zephyr/drivers/sensor/st/iis2mdc/libdrivers__sensor__st__iis2mdc.a(iis2mdc.c.obj)
 .text.iis2mdc_i2c_init
                0x08002b24       0x3c zephyr/drivers/sensor/st/iis2mdc/libdrivers__sensor__st__iis2mdc.a(iis2mdc_i2c.c.obj)
                0x08002b24                iis2mdc_i2c_init
 .text.gpio_pin_interrupt_configure_dt
                0x08002b60       0x48 zephyr/drivers/sensor/st/iis2mdc/libdrivers__sensor__st__iis2mdc.a(iis2mdc_trigger.c.obj)
 .text.iis2mdc_init_interrupt
                0x08002ba8       0x88 zephyr/drivers/sensor/st/iis2mdc/libdrivers__sensor__st__iis2mdc.a(iis2mdc_trigger.c.obj)
                0x08002ba8                iis2mdc_init_interrupt
 .text.ism330dhcx_gyro_range_set.isra.0
                0x08002c30       0x48 zephyr/drivers/sensor/st/ism330dhcx/libdrivers__sensor__st__ism330dhcx.a(ism330dhcx.c.obj)
 .text.ism330dhcx_accel_range_set.isra.0
                0x08002c78       0x54 zephyr/drivers/sensor/st/ism330dhcx/libdrivers__sensor__st__ism330dhcx.a(ism330dhcx.c.obj)
 .text.ism330dhcx_accel_set_odr_raw.isra.0
                0x08002ccc       0x34 zephyr/drivers/sensor/st/ism330dhcx/libdrivers__sensor__st__ism330dhcx.a(ism330dhcx.c.obj)
 .text.ism330dhcx_init
                0x08002d00       0xb4 zephyr/drivers/sensor/st/ism330dhcx/libdrivers__sensor__st__ism330dhcx.a(ism330dhcx.c.obj)
 .text.ism330dhcx_i2c_init
                0x08002db4       0x3c zephyr/drivers/sensor/st/ism330dhcx/libdrivers__sensor__st__ism330dhcx.a(ism330dhcx_i2c.c.obj)
                0x08002db4                ism330dhcx_i2c_init
 .text.lps22hh_attr_set
                0x08002df0       0x40 zephyr/drivers/sensor/st/lps22hh/libdrivers__sensor__st__lps22hh.a(lps22hh.c.obj)
 .text.gpio_pin_interrupt_configure_dt
                0x08002e30       0x48 zephyr/drivers/sensor/st/lps22hh/libdrivers__sensor__st__lps22hh.a(lps22hh_trigger.c.obj)
 .text.lps22hh_init_interrupt
                0x08002e78       0xa8 zephyr/drivers/sensor/st/lps22hh/libdrivers__sensor__st__lps22hh.a(lps22hh_trigger.c.obj)
                0x08002e78                lps22hh_init_interrupt
 .text.stm32_temp_channel_get
                0x08002f20       0xe4 zephyr/drivers/sensor/st/stm32_temp/libdrivers__sensor__st__stm32_temp.a(stm32_temp.c.obj)
 .text.stm32_temp_sample_fetch
                0x08003004       0xb4 zephyr/drivers/sensor/st/stm32_temp/libdrivers__sensor__st__stm32_temp.a(stm32_temp.c.obj)
 .text.stm32_vbat_sample_fetch
                0x080030b8       0xb0 zephyr/drivers/sensor/st/stm32_vbat/libdrivers__sensor__st__stm32_vbat.a(stm32_vbat.c.obj)
 .text.stm32_vref_sample_fetch
                0x08003168       0xb4 zephyr/drivers/sensor/st/stm32_vref/libdrivers__sensor__st__stm32_vref.a(stm32_vref.c.obj)
 .text.veml7700_fetch_als
                0x0800321c       0x50 zephyr/drivers/sensor/vishay/veml7700/libdrivers__sensor__vishay__veml7700.a(veml7700.c.obj)
 .text.veml7700_write_als_conf
                0x0800326c       0x4c zephyr/drivers/sensor/vishay/veml7700/libdrivers__sensor__vishay__veml7700.a(veml7700.c.obj)
 .text.veml7700_attr_set
                0x080032b8       0xc4 zephyr/drivers/sensor/vishay/veml7700/libdrivers__sensor__vishay__veml7700.a(veml7700.c.obj)
 .text.uart_stm32_parameters_set
                0x0800337c      0x148 zephyr/drivers/serial/libdrivers__serial.a(uart_stm32.c.obj)
 .text.uart_stm32_init
                0x080034c4      0x188 zephyr/drivers/serial/libdrivers__serial.a(uart_stm32.c.obj)
 .text.uart_stm32_configure
                0x0800364c      0x144 zephyr/drivers/serial/libdrivers__serial.a(uart_stm32.c.obj)
 .text.elapsed  0x08003790       0x44 zephyr/drivers/timer/libdrivers__timer.a(cortex_m_systick.c.obj)
 .text.sys_clock_driver_init
                0x080037d4       0x34 zephyr/drivers/timer/libdrivers__timer.a(cortex_m_systick.c.obj)
 .text.sys_clock_isr
                0x08003808       0x6c zephyr/drivers/timer/libdrivers__timer.a(cortex_m_systick.c.obj)
                0x08003808                sys_clock_isr
 .text.sys_clock_set_timeout
                0x08003874       0xf8 zephyr/drivers/timer/libdrivers__timer.a(cortex_m_systick.c.obj)
                0x08003874                sys_clock_set_timeout
 .text.sys_clock_elapsed
                0x0800396c       0x3c zephyr/drivers/timer/libdrivers__timer.a(cortex_m_systick.c.obj)
                0x0800396c                sys_clock_elapsed
 .text.sys_clock_cycle_get_32
                0x080039a8       0x28 zephyr/drivers/timer/libdrivers__timer.a(cortex_m_systick.c.obj)
                0x080039a8                sys_clock_cycle_get_32
 .text.LL_SetFlashLatency
                0x080039d0      0x104 modules/hal_stm32/stm32cube/lib..__modules__hal__stm32__stm32cube.a(stm32u5xx_ll_utils.c.obj)
                0x080039d0                LL_SetFlashLatency
 .text.z_fatal_error
                0x08003ad4       0x30 zephyr/kernel/libkernel.a(fatal.c.obj)
                0x08003ad4                z_fatal_error
 .text.z_sys_init_run_level
                0x08003b04       0x30 zephyr/kernel/libkernel.a(init.c.obj)
 .text.bg_thread_main
                0x08003b34       0xbc zephyr/kernel/libkernel.a(init.c.obj)
 .text.z_init_cpu
                0x08003bf0       0x68 zephyr/kernel/libkernel.a(init.c.obj)
                0x08003bf0                z_init_cpu
 .text.z_cstart
                0x08003c58       0xbc zephyr/kernel/libkernel.a(init.c.obj)
                0x08003c58                z_cstart
 .text.z_impl_k_mutex_lock
                0x08003d14       0xe4 zephyr/kernel/libkernel.a(mutex.c.obj)
                0x08003d14                z_impl_k_mutex_lock
 .text.z_impl_k_mutex_unlock
                0x08003df8       0xa0 zephyr/kernel/libkernel.a(mutex.c.obj)
                0x08003df8                z_impl_k_mutex_unlock
 .text.z_impl_k_sem_give
                0x08003e98       0x68 zephyr/kernel/libkernel.a(sem.c.obj)
                0x08003e98                z_impl_k_sem_give
 .text.z_impl_k_sem_take
                0x08003f00       0x4c zephyr/kernel/libkernel.a(sem.c.obj)
                0x08003f00                z_impl_k_sem_take
 .text.z_impl_k_sem_reset
                0x08003f4c       0x6c zephyr/kernel/libkernel.a(sem.c.obj)
                0x08003f4c                z_impl_k_sem_reset
 .text.work_queue_main
                0x08003fb8      0x154 zephyr/kernel/libkernel.a(work.c.obj)
 .text.submit_to_queue_locked
                0x0800410c       0xa0 zephyr/kernel/libkernel.a(work.c.obj)
 .text.k_work_submit
                0x080041ac        0xc zephyr/kernel/libkernel.a(work.c.obj)
                0x080041ac                k_work_submit
 .text.k_work_queue_start
                0x080041b8       0x7c zephyr/kernel/libkernel.a(work.c.obj)
                0x080041b8                k_work_queue_start
 .text.z_setup_new_thread
                0x08004234       0x70 zephyr/kernel/libkernel.a(thread.c.obj)
                0x08004234                z_setup_new_thread
 .text.z_dummy_thread_init
                0x080042a4       0x14 zephyr/kernel/libkernel.a(thread.c.obj)
                0x080042a4                z_dummy_thread_init
 .text.z_impl_k_wakeup
                0x080042b8       0x48 zephyr/kernel/libkernel.a(thread.c.obj)
                0x080042b8                z_impl_k_wakeup
 .text.z_impl_k_thread_create
                0x08004300       0x58 zephyr/kernel/libkernel.a(thread.c.obj)
                0x08004300                z_impl_k_thread_create
 .text.z_swap_irqlock
                0x08004358       0x30 zephyr/kernel/libkernel.a(sched.c.obj)
 .text.unready_thread
                0x08004388       0x54 zephyr/kernel/libkernel.a(sched.c.obj)
 .text.ready_thread
                0x080043dc       0x80 zephyr/kernel/libkernel.a(sched.c.obj)
 .text.reschedule.isra.0
                0x0800445c       0x28 zephyr/kernel/libkernel.a(sched.c.obj)
 .text.move_current_to_end_of_prio_q
                0x08004484       0x6c zephyr/kernel/libkernel.a(sched.c.obj)
                0x08004484                move_current_to_end_of_prio_q
 .text.z_thread_halt
                0x080044f0      0x12c zephyr/kernel/libkernel.a(sched.c.obj)
                0x080044f0                z_thread_halt
 .text.z_sched_lock_reschedule
                0x0800461c       0x44 zephyr/kernel/libkernel.a(sched.c.obj)
                0x0800461c                z_sched_lock_reschedule
 .text.z_sched_yield
                0x08004660       0x84 zephyr/kernel/libkernel.a(sched.c.obj)
                0x08004660                z_sched_yield
 .text.z_pend_curr
                0x080046e4       0x58 zephyr/kernel/libkernel.a(sched.c.obj)
                0x080046e4                z_pend_curr
 .text.z_thread_prio_set
                0x0800473c       0xd8 zephyr/kernel/libkernel.a(sched.c.obj)
                0x0800473c                z_thread_prio_set
 .text.z_reschedule_irqlock
                0x08004814       0x28 zephyr/kernel/libkernel.a(sched.c.obj)
                0x08004814                z_reschedule_irqlock
 .text.z_tick_sleep
                0x0800483c       0x90 zephyr/kernel/libkernel.a(sleep.c.obj)
 .text.z_sched_init
                0x080048cc       0x10 zephyr/kernel/libkernel.a(scheduler.c.obj)
                0x080048cc                z_sched_init
 .text.k_sched_lock
                0x080048dc       0x28 zephyr/kernel/libkernel.a(scheduler.c.obj)
                0x080048dc                k_sched_lock
 .text.k_sched_unlock
                0x08004904       0x20 zephyr/kernel/libkernel.a(scheduler.c.obj)
                0x08004904                k_sched_unlock
 .text.z_impl_k_sched_current_thread_query
                0x08004924        0xc zephyr/kernel/libkernel.a(scheduler.c.obj)
                0x08004924                z_impl_k_sched_current_thread_query
 .text.z_sched_wait
                0x08004930       0x24 zephyr/kernel/libkernel.a(scheduler.c.obj)
                0x08004930                z_sched_wait
 .text.z_time_slice_size
                0x08004954       0x40 zephyr/kernel/libkernel.a(timeslicing.c.obj)
 .text.slice_timeout
                0x08004994       0x20 zephyr/kernel/libkernel.a(timeslicing.c.obj)
 .text.z_time_slice_reset
                0x080049b4       0x44 zephyr/kernel/libkernel.a(timeslicing.c.obj)
                0x080049b4                z_time_slice_reset
 .text.z_time_slice
                0x080049f8       0x5c zephyr/kernel/libkernel.a(timeslicing.c.obj)
                0x080049f8                z_time_slice
 .text.first    0x08004a54       0x10 zephyr/kernel/libkernel.a(timeout.c.obj)
 .text.elapsed  0x08004a64       0x14 zephyr/kernel/libkernel.a(timeout.c.obj)
 .text.z_add_timeout
                0x08004a78      0x12c zephyr/kernel/libkernel.a(timeout.c.obj)
                0x08004a78                z_add_timeout
 .text.z_abort_timeout
                0x08004ba4       0x90 zephyr/kernel/libkernel.a(timeout.c.obj)
                0x08004ba4                z_abort_timeout
 .text.sys_clock_announce_locked
                0x08004c34       0xcc zephyr/kernel/libkernel.a(timeout.c.obj)
                0x08004c34                sys_clock_announce_locked
 .text.sys_clock_tick_get
                0x08004d00       0x30 zephyr/kernel/libkernel.a(timeout.c.obj)
                0x08004d00                sys_clock_tick_get
 .text.z_timer_expiration_handler
                0x08004d30       0xec zephyr/kernel/libkernel.a(timer.c.obj)
                0x08004d30                z_timer_expiration_handler
 .text.z_impl_k_timer_start
                0x08004e1c       0x50 zephyr/kernel/libkernel.a(timer.c.obj)
                0x08004e1c                z_impl_k_timer_start
 .text.z_impl_k_timer_stop
                0x08004e6c       0x60 zephyr/kernel/libkernel.a(timer.c.obj)
                0x08004e6c                z_impl_k_timer_stop
 .text.k_sys_work_q_init
                0x08004ecc       0x2c zephyr/kernel/libkernel.a(system_work_q.c.obj)
 .text.__l_vfprintf
                0x08004ef8      0x484 /home/fae/zephyr-sdk-1.0.1/gnu/arm-zephyr-eabi/bin/../lib/gcc/arm-zephyr-eabi/14.3.0/../../../../arm-zephyr-eabi/lib/thumb/v8-m.main/nofp/space/libc.a(libc_tinystdio_vflprintf.c.o)
                0x08004ef8                __l_vfprintf
 .text._OffsetAbsSyms
                0x0800537c        0x2 zephyr/CMakeFiles/offsets.dir/./arch/arm/core/offsets/offsets.c.obj
                0x0800537c                _OffsetAbsSyms
 .text.gpio_pin_set.isra.0
                0x0800537e       0x20 app/libapp.a(main.c.obj)
 .text.z_impl_gpio_pin_configure.isra.0
                0x0800539e       0x36 app/libapp.a(main.c.obj)
 .text.chunk_field
                0x080053d4       0x16 zephyr/libzephyr.a(heap.c.obj)
 .text.chunk_set
                0x080053ea       0x16 zephyr/libzephyr.a(heap.c.obj)
 .text.chunk_size
                0x08005400        0xc zephyr/libzephyr.a(heap.c.obj)
 .text.set_chunk_used
                0x0800540c       0x30 zephyr/libzephyr.a(heap.c.obj)
 .text.set_chunk_size
                0x0800543c        0x8 zephyr/libzephyr.a(heap.c.obj)
 .text.undersized_chunk
                0x08005444       0x1c zephyr/libzephyr.a(heap.c.obj)
 .text.bucket_idx
                0x08005460       0x14 zephyr/libzephyr.a(heap.c.obj)
 .text.free_list_add
                0x08005474       0x82 zephyr/libzephyr.a(heap.c.obj)
 .text.sys_heap_init
                0x080054f6       0xa4 zephyr/libzephyr.a(heap.c.obj)
                0x080054f6                sys_heap_init
 .text.arch_printk_char_out
                0x0800559a        0x4 zephyr/libzephyr.a(printk.c.obj)
                0x0800559a                arch_printk_char_out
 .text.printk   0x0800559e       0x1a zephyr/libzephyr.a(printk.c.obj)
                0x0800559e                printk
 .text._ConfigAbsSyms
                0x080055b8        0x2 zephyr/libzephyr.a(configs.c.obj)
                0x080055b8                _ConfigAbsSyms
 .text.stm32_gpioport_configure_pin
                0x080055ba      0x126 zephyr/libzephyr.a(gpioport_mgr.c.obj)
                0x080055ba                stm32_gpioport_configure_pin
 .text.hts221_read_reg
                0x080056e0       0x16 zephyr/libzephyr.a(hts221_reg.c.obj)
                0x080056e0                hts221_read_reg
 .text.hts221_write_reg
                0x080056f6       0x16 zephyr/libzephyr.a(hts221_reg.c.obj)
                0x080056f6                hts221_write_reg
 .text.hts221_data_rate_set
                0x0800570c       0x2e zephyr/libzephyr.a(hts221_reg.c.obj)
                0x0800570c                hts221_data_rate_set
 .text.hts221_block_data_update_set
                0x0800573a       0x2e zephyr/libzephyr.a(hts221_reg.c.obj)
                0x0800573a                hts221_block_data_update_set
 .text.hts221_device_id_get
                0x08005768        0xe zephyr/libzephyr.a(hts221_reg.c.obj)
                0x08005768                hts221_device_id_get
 .text.hts221_power_on_set
                0x08005776       0x2e zephyr/libzephyr.a(hts221_reg.c.obj)
                0x08005776                hts221_power_on_set
 .text.iis2mdc_read_reg
                0x080057a4       0x16 zephyr/libzephyr.a(iis2mdc_reg.c.obj)
                0x080057a4                iis2mdc_read_reg
 .text.iis2mdc_write_reg
                0x080057ba       0x16 zephyr/libzephyr.a(iis2mdc_reg.c.obj)
                0x080057ba                iis2mdc_write_reg
 .text.iis2mdc_mag_user_offset_set
                0x080057d0       0x24 zephyr/libzephyr.a(iis2mdc_reg.c.obj)
                0x080057d0                iis2mdc_mag_user_offset_set
 .text.iis2mdc_operating_mode_set
                0x080057f4       0x2e zephyr/libzephyr.a(iis2mdc_reg.c.obj)
                0x080057f4                iis2mdc_operating_mode_set
 .text.iis2mdc_data_rate_set
                0x08005822       0x2e zephyr/libzephyr.a(iis2mdc_reg.c.obj)
                0x08005822                iis2mdc_data_rate_set
 .text.iis2mdc_offset_temp_comp_set
                0x08005850       0x2e zephyr/libzephyr.a(iis2mdc_reg.c.obj)
                0x08005850                iis2mdc_offset_temp_comp_set
 .text.iis2mdc_set_rst_mode_set
                0x0800587e       0x2e zephyr/libzephyr.a(iis2mdc_reg.c.obj)
                0x0800587e                iis2mdc_set_rst_mode_set
 .text.iis2mdc_block_data_update_set
                0x080058ac       0x2e zephyr/libzephyr.a(iis2mdc_reg.c.obj)
                0x080058ac                iis2mdc_block_data_update_set
 .text.iis2mdc_magnetic_raw_get
                0x080058da       0x3e zephyr/libzephyr.a(iis2mdc_reg.c.obj)
                0x080058da                iis2mdc_magnetic_raw_get
 .text.iis2mdc_temperature_raw_get
                0x08005918       0x22 zephyr/libzephyr.a(iis2mdc_reg.c.obj)
                0x08005918                iis2mdc_temperature_raw_get
 .text.iis2mdc_device_id_get
                0x0800593a        0xe zephyr/libzephyr.a(iis2mdc_reg.c.obj)
                0x0800593a                iis2mdc_device_id_get
 .text.iis2mdc_reset_set
                0x08005948       0x2e zephyr/libzephyr.a(iis2mdc_reg.c.obj)
                0x08005948                iis2mdc_reset_set
 .text.iis2mdc_drdy_on_pin_set
                0x08005976       0x2e zephyr/libzephyr.a(iis2mdc_reg.c.obj)
                0x08005976                iis2mdc_drdy_on_pin_set
 .text.ism330dhcx_read_reg
                0x080059a4       0x16 zephyr/libzephyr.a(ism330dhcx_reg.c.obj)
                0x080059a4                ism330dhcx_read_reg
 .text.ism330dhcx_write_reg
                0x080059ba       0x16 zephyr/libzephyr.a(ism330dhcx_reg.c.obj)
                0x080059ba                ism330dhcx_write_reg
 .text.ism330dhcx_xl_full_scale_set
                0x080059d0       0x2e zephyr/libzephyr.a(ism330dhcx_reg.c.obj)
                0x080059d0                ism330dhcx_xl_full_scale_set
 .text.ism330dhcx_gy_full_scale_set
                0x080059fe       0x2e zephyr/libzephyr.a(ism330dhcx_reg.c.obj)
                0x080059fe                ism330dhcx_gy_full_scale_set
 .text.ism330dhcx_block_data_update_set
                0x08005a2c       0x2e zephyr/libzephyr.a(ism330dhcx_reg.c.obj)
                0x08005a2c                ism330dhcx_block_data_update_set
 .text.ism330dhcx_angular_rate_raw_get
                0x08005a5a       0x3e zephyr/libzephyr.a(ism330dhcx_reg.c.obj)
                0x08005a5a                ism330dhcx_angular_rate_raw_get
 .text.ism330dhcx_acceleration_raw_get
                0x08005a98       0x3e zephyr/libzephyr.a(ism330dhcx_reg.c.obj)
                0x08005a98                ism330dhcx_acceleration_raw_get
 .text.ism330dhcx_device_conf_set
                0x08005ad6       0x2e zephyr/libzephyr.a(ism330dhcx_reg.c.obj)
                0x08005ad6                ism330dhcx_device_conf_set
 .text.ism330dhcx_mem_bank_set
                0x08005b04       0x2e zephyr/libzephyr.a(ism330dhcx_reg.c.obj)
                0x08005b04                ism330dhcx_mem_bank_set
 .text.ism330dhcx_device_id_get
                0x08005b32        0xe zephyr/libzephyr.a(ism330dhcx_reg.c.obj)
                0x08005b32                ism330dhcx_device_id_get
 .text.ism330dhcx_reset_set
                0x08005b40       0x2e zephyr/libzephyr.a(ism330dhcx_reg.c.obj)
                0x08005b40                ism330dhcx_reset_set
 .text.ism330dhcx_fifo_mode_set
                0x08005b6e       0x2e zephyr/libzephyr.a(ism330dhcx_reg.c.obj)
                0x08005b6e                ism330dhcx_fifo_mode_set
 .text.ism330dhcx_fsm_enable_get
                0x08005b9c       0x3a zephyr/libzephyr.a(ism330dhcx_reg.c.obj)
                0x08005b9c                ism330dhcx_fsm_enable_get
 .text.ism330dhcx_fsm_data_rate_get
                0x08005bd6       0x48 zephyr/libzephyr.a(ism330dhcx_reg.c.obj)
                0x08005bd6                ism330dhcx_fsm_data_rate_get
 .text.ism330dhcx_mlc_get
                0x08005c1e       0x38 zephyr/libzephyr.a(ism330dhcx_reg.c.obj)
                0x08005c1e                ism330dhcx_mlc_get
 .text.ism330dhcx_mlc_data_rate_get
                0x08005c56       0x48 zephyr/libzephyr.a(ism330dhcx_reg.c.obj)
                0x08005c56                ism330dhcx_mlc_data_rate_get
 .text.ism330dhcx_xl_data_rate_set
                0x08005c9e      0x144 zephyr/libzephyr.a(ism330dhcx_reg.c.obj)
                0x08005c9e                ism330dhcx_xl_data_rate_set
 .text.ism330dhcx_gy_data_rate_set
                0x08005de2      0x144 zephyr/libzephyr.a(ism330dhcx_reg.c.obj)
                0x08005de2                ism330dhcx_gy_data_rate_set
 .text.lps22hh_read_reg
                0x08005f26       0x16 zephyr/libzephyr.a(lps22hh_reg.c.obj)
                0x08005f26                lps22hh_read_reg
 .text.lps22hh_write_reg
                0x08005f3c       0x16 zephyr/libzephyr.a(lps22hh_reg.c.obj)
                0x08005f3c                lps22hh_write_reg
 .text.lps22hh_block_data_update_set
                0x08005f52       0x2e zephyr/libzephyr.a(lps22hh_reg.c.obj)
                0x08005f52                lps22hh_block_data_update_set
 .text.lps22hh_data_rate_set
                0x08005f80       0x5e zephyr/libzephyr.a(lps22hh_reg.c.obj)
                0x08005f80                lps22hh_data_rate_set
 .text.lps22hh_pressure_raw_get
                0x08005fde       0x2c zephyr/libzephyr.a(lps22hh_reg.c.obj)
                0x08005fde                lps22hh_pressure_raw_get
 .text.lps22hh_temperature_raw_get
                0x0800600a       0x22 zephyr/libzephyr.a(lps22hh_reg.c.obj)
                0x0800600a                lps22hh_temperature_raw_get
 .text.lps22hh_device_id_get
                0x0800602c        0xe zephyr/libzephyr.a(lps22hh_reg.c.obj)
                0x0800602c                lps22hh_device_id_get
 .text.lps22hh_int_notification_set
                0x0800603a       0x2e zephyr/libzephyr.a(lps22hh_reg.c.obj)
                0x0800603a                lps22hh_int_notification_set
 .text.lps22hh_pin_int_route_set
                0x08006068       0x4e zephyr/libzephyr.a(lps22hh_reg.c.obj)
                0x08006068                lps22hh_pin_int_route_set
 .text.lps22hh_pin_int_route_get
                0x080060b6       0x3e zephyr/libzephyr.a(lps22hh_reg.c.obj)
                0x080060b6                lps22hh_pin_int_route_get
 .text.arch_early_memset
                0x080060f4        0x4 zephyr/arch/common/libarch__common.a(init.c.obj)
                0x080060f4                arch_early_memset
 .text.arch_early_memcpy
                0x080060f8        0x4 zephyr/arch/common/libarch__common.a(init.c.obj)
                0x080060f8                arch_early_memcpy
 .text.z_do_kernel_oops
                0x080060fc        0x8 zephyr/arch/arch/arm/core/libarch__arm__core.a(fatal.c.obj)
                0x080060fc                z_do_kernel_oops
 .text.z_arm_nmi
                0x08006104        0xe zephyr/arch/arch/arm/core/libarch__arm__core.a(nmi.c.obj)
                0x08006104                z_arm_nmi
 .text.z_irq_spurious
                0x08006112        0x8 zephyr/arch/arch/arm/core/cortex_m/libarch__arm__core__cortex_m.a(irq_manage.c.obj)
                0x08006112                z_irq_spurious
 .text.arch_coprocessors_disable
                0x0800611a        0x6 zephyr/arch/arch/arm/core/cortex_m/libarch__arm__core__cortex_m.a(thread.c.obj)
                0x0800611a                arch_coprocessors_disable
 .text.arch_irq_unlock_outlined
                0x08006120        0xe zephyr/arch/arch/arm/core/cortex_m/libarch__arm__core__cortex_m.a(thread.c.obj)
                0x08006120                arch_irq_unlock_outlined
 .text.arch_cpu_idle
                0x0800612e       0x1a zephyr/arch/arch/arm/core/cortex_m/libarch__arm__core__cortex_m.a(cpu_idle.c.obj)
                0x0800612e                arch_cpu_idle
 .text.picolibc_put
                0x08006148        0xa zephyr/lib/libc/picolibc/liblib__libc__picolibc.a(stdio.c.obj)
 .text.stm32_exti_gpio_intc_init
                0x08006152      0x126 zephyr/drivers/interrupt_controller/libdrivers__interrupt_controller.a(intc_gpio_stm32.c.obj)
 .text.stm32_gpio_intc_get_pin_irq_line
                0x08006278        0xa zephyr/drivers/interrupt_controller/libdrivers__interrupt_controller.a(intc_gpio_stm32.c.obj)
                0x08006278                stm32_gpio_intc_get_pin_irq_line
 .text.stm32_exti_set_line_src_port
                0x08006282       0x26 zephyr/drivers/interrupt_controller/libdrivers__interrupt_controller.a(intc_gpio_stm32.c.obj)
                0x08006282                stm32_exti_set_line_src_port
 .text.adc_stm32_isr_37_init
                0x080062a8       0x16 zephyr/drivers/adc/libdrivers__adc.a(adc_stm32.c.obj)
 .text.adc_stm32_isr_113_init
                0x080062be       0x16 zephyr/drivers/adc/libdrivers__adc.a(adc_stm32.c.obj)
 .text.adc_context_start_sampling
                0x080062d4       0x1e zephyr/drivers/adc/libdrivers__adc.a(adc_stm32.c.obj)
 .text.adc_context_on_timer_expired
                0x080062f2       0x26 zephyr/drivers/adc/libdrivers__adc.a(adc_stm32.c.obj)
 .text.adc_stm32_isr
                0x08006318       0xda zephyr/drivers/adc/libdrivers__adc.a(adc_stm32.c.obj)
 .text.adc_stm32_enable
                0x080063f2       0x3a zephyr/drivers/adc/libdrivers__adc.a(adc_stm32.c.obj)
 .text.adc_stm32_disable
                0x0800642c       0x44 zephyr/drivers/adc/libdrivers__adc.a(adc_stm32.c.obj)
 .text.stm32_clock_control_on
                0x08006470       0x44 zephyr/drivers/clock_control/libdrivers__clock_control.a(clock_stm32_ll_u5.c.obj)
 .text.stm32_clock_control_off
                0x080064b4       0x2c zephyr/drivers/clock_control/libdrivers__clock_control.a(clock_stm32_ll_u5.c.obj)
 .text.stm32_clock_control_configure
                0x080064e0       0x46 zephyr/drivers/clock_control/libdrivers__clock_control.a(clock_stm32_ll_u5.c.obj)
 .text.stm32_clock_control_get_status
                0x08006526       0x38 zephyr/drivers/clock_control/libdrivers__clock_control.a(clock_stm32_ll_u5.c.obj)
 .text.gpio_stm32_port_get_raw
                0x0800655e        0xc zephyr/drivers/gpio/libdrivers__gpio.a(gpio_stm32.c.obj)
 .text.gpio_stm32_port_set_masked_raw
                0x0800656a       0x12 zephyr/drivers/gpio/libdrivers__gpio.a(gpio_stm32.c.obj)
 .text.gpio_stm32_port_set_bits_raw
                0x0800657c        0xa zephyr/drivers/gpio/libdrivers__gpio.a(gpio_stm32.c.obj)
 .text.gpio_stm32_port_clear_bits_raw
                0x08006586        0xa zephyr/drivers/gpio/libdrivers__gpio.a(gpio_stm32.c.obj)
 .text.gpio_stm32_port_toggle_bits
                0x08006590        0xe zephyr/drivers/gpio/libdrivers__gpio.a(gpio_stm32.c.obj)
 .text.gpio_stm32_manage_callback
                0x0800659e       0x54 zephyr/drivers/gpio/libdrivers__gpio.a(gpio_stm32.c.obj)
 .text.gpio_stm32_config
                0x080065f2       0x96 zephyr/drivers/gpio/libdrivers__gpio.a(gpio_stm32.c.obj)
 .text.gpio_stm32_isr
                0x08006688       0x2c zephyr/drivers/gpio/libdrivers__gpio.a(gpio_stm32.c.obj)
 .text.i2c_stm32_get_config
                0x080066b4       0x16 zephyr/drivers/i2c/libdrivers__i2c.a(i2c_stm32.c.obj)
                0x080066b4                i2c_stm32_get_config
 .text.i2c_stm32_irq_config_func_0
                0x080066ca       0x26 zephyr/drivers/i2c/libdrivers__i2c.a(i2c_stm32.c.obj)
 .text.i2c_stm32_irq_config_func_1
                0x080066f0       0x26 zephyr/drivers/i2c/libdrivers__i2c.a(i2c_stm32.c.obj)
 .text.i2c_stm32_transfer
                0x08006716       0x8e zephyr/drivers/i2c/libdrivers__i2c.a(i2c_stm32.c.obj)
 .text.i2c_stm32_set_smbus_mode
                0x080067a4       0x16 zephyr/drivers/i2c/libdrivers__i2c.a(i2c_stm32.c.obj)
                0x080067a4                i2c_stm32_set_smbus_mode
 .text.i2c_stm32_event_isr
                0x080067ba        0x4 zephyr/drivers/i2c/libdrivers__i2c.a(i2c_stm32_common.c.obj)
                0x080067ba                i2c_stm32_event_isr
 .text.i2c_stm32_error_isr
                0x080067be        0x4 zephyr/drivers/i2c/libdrivers__i2c.a(i2c_stm32_common.c.obj)
                0x080067be                i2c_stm32_error_isr
 .text.i2c_stm32_disable_transfer_interrupts
                0x080067c2       0x3e zephyr/drivers/i2c/libdrivers__i2c.a(i2c_stm32_v2.c.obj)
 .text.i2c_stm32_signal_xfer_done.isra.0
                0x08006800        0xe zephyr/drivers/i2c/libdrivers__i2c.a(i2c_stm32_v2.c.obj)
 .text.i2c_stm32_event
                0x0800680e       0xa0 zephyr/drivers/i2c/libdrivers__i2c.a(i2c_stm32_v2.c.obj)
                0x0800680e                i2c_stm32_event
 .text.i2c_stm32_error
                0x080068ae       0x3e zephyr/drivers/i2c/libdrivers__i2c.a(i2c_stm32_v2.c.obj)
                0x080068ae                i2c_stm32_error
 .text.i2c_stm32_transaction
                0x080068ec      0x12e zephyr/drivers/i2c/libdrivers__i2c.a(i2c_stm32_v2.c.obj)
                0x080068ec                i2c_stm32_transaction
 .text.pinctrl_lookup_state
                0x08006a1a       0x24 zephyr/drivers/pinctrl/libdrivers__pinctrl.a(common.c.obj)
                0x08006a1a                pinctrl_lookup_state
 .text.pinctrl_configure_pins
                0x08006a3e       0x38 zephyr/drivers/pinctrl/libdrivers__pinctrl.a(pinctrl_stm32.c.obj)
                0x08006a3e                pinctrl_configure_pins
 .text.reset_stm32_status
                0x08006a76       0x20 zephyr/drivers/reset/libdrivers__reset.a(reset_stm32.c.obj)
 .text.reset_stm32_line_assert
                0x08006a96       0x1c zephyr/drivers/reset/libdrivers__reset.a(reset_stm32.c.obj)
 .text.reset_stm32_line_deassert
                0x08006ab2       0x1e zephyr/drivers/reset/libdrivers__reset.a(reset_stm32.c.obj)
 .text.reset_stm32_line_toggle
                0x08006ad0       0x16 zephyr/drivers/reset/libdrivers__reset.a(reset_stm32.c.obj)
 .text.i2c_write_read.constprop.0
                0x08006ae6       0x38 zephyr/drivers/sensor/st/stmemsc/libdrivers__sensor__st__stmemsc.a(stmemsc_i2c.c.obj)
 .text.stmemsc_i2c_read
                0x08006b1e       0x1c zephyr/drivers/sensor/st/stmemsc/libdrivers__sensor__st__stmemsc.a(stmemsc_i2c.c.obj)
                0x08006b1e                stmemsc_i2c_read
 .text.stmemsc_i2c_write
                0x08006b3a       0x46 zephyr/drivers/sensor/st/stmemsc/libdrivers__sensor__st__stmemsc.a(stmemsc_i2c.c.obj)
                0x08006b3a                stmemsc_i2c_write
 .text.stmemsc_mdelay
                0x08006b80        0xe zephyr/drivers/sensor/st/stmemsc/libdrivers__sensor__st__stmemsc.a(stmemsc_mdelay.c.obj)
                0x08006b80                stmemsc_mdelay
 .text.hts221_sample_fetch
                0x08006b8e       0x28 zephyr/drivers/sensor/st/hts221/libdrivers__sensor__st__hts221.a(hts221.c.obj)
 .text.hts221_init
                0x08006bb6       0xa6 zephyr/drivers/sensor/st/hts221/libdrivers__sensor__st__hts221.a(hts221.c.obj)
                0x08006bb6                hts221_init
 .text.iis2mdc_init
                0x08006c5c       0x94 zephyr/drivers/sensor/st/iis2mdc/libdrivers__sensor__st__iis2mdc.a(iis2mdc.c.obj)
 .text.iis2mdc_sample_fetch_temp.isra.0
                0x08006cf0       0x36 zephyr/drivers/sensor/st/iis2mdc/libdrivers__sensor__st__iis2mdc.a(iis2mdc.c.obj)
 .text.iis2mdc_sample_fetch_mag.isra.0
                0x08006d26       0x26 zephyr/drivers/sensor/st/iis2mdc/libdrivers__sensor__st__iis2mdc.a(iis2mdc.c.obj)
 .text.iis2mdc_sample_fetch
                0x08006d4c       0x3c zephyr/drivers/sensor/st/iis2mdc/libdrivers__sensor__st__iis2mdc.a(iis2mdc.c.obj)
 .text.iis2mdc_attr_set
                0x08006d88       0x74 zephyr/drivers/sensor/st/iis2mdc/libdrivers__sensor__st__iis2mdc.a(iis2mdc.c.obj)
 .text.iis2mdc_i2c_read
                0x08006dfc       0x44 zephyr/drivers/sensor/st/iis2mdc/libdrivers__sensor__st__iis2mdc.a(iis2mdc_i2c.c.obj)
 .text.iis2mdc_i2c_write
                0x08006e40       0x40 zephyr/drivers/sensor/st/iis2mdc/libdrivers__sensor__st__iis2mdc.a(iis2mdc_i2c.c.obj)
 .text.iis2mdc_work_cb
                0x08006e80       0x22 zephyr/drivers/sensor/st/iis2mdc/libdrivers__sensor__st__iis2mdc.a(iis2mdc_trigger.c.obj)
 .text.iis2mdc_gpio_callback
                0x08006ea2       0x20 zephyr/drivers/sensor/st/iis2mdc/libdrivers__sensor__st__iis2mdc.a(iis2mdc_trigger.c.obj)
 .text.iis2mdc_trigger_set
                0x08006ec2       0x40 zephyr/drivers/sensor/st/iis2mdc/libdrivers__sensor__st__iis2mdc.a(iis2mdc_trigger.c.obj)
                0x08006ec2                iis2mdc_trigger_set
 .text.ism330dhcx_sample_fetch_gyro.isra.0
                0x08006f02       0x26 zephyr/drivers/sensor/st/ism330dhcx/libdrivers__sensor__st__ism330dhcx.a(ism330dhcx.c.obj)
 .text.ism330dhcx_sample_fetch_accel.isra.0
                0x08006f28       0x26 zephyr/drivers/sensor/st/ism330dhcx/libdrivers__sensor__st__ism330dhcx.a(ism330dhcx.c.obj)
 .text.ism330dhcx_sample_fetch
                0x08006f4e       0x38 zephyr/drivers/sensor/st/ism330dhcx/libdrivers__sensor__st__ism330dhcx.a(ism330dhcx.c.obj)
 .text.ism330dhcx_i2c_read
                0x08006f86       0x44 zephyr/drivers/sensor/st/ism330dhcx/libdrivers__sensor__st__ism330dhcx.a(ism330dhcx_i2c.c.obj)
 .text.ism330dhcx_i2c_write
                0x08006fca       0x40 zephyr/drivers/sensor/st/ism330dhcx/libdrivers__sensor__st__ism330dhcx.a(ism330dhcx_i2c.c.obj)
 .text.lps22hh_channel_get
                0x0800700a       0x4e zephyr/drivers/sensor/st/lps22hh/libdrivers__sensor__st__lps22hh.a(lps22hh.c.obj)
 .text.lps22hh_sample_fetch
                0x08007058       0x66 zephyr/drivers/sensor/st/lps22hh/libdrivers__sensor__st__lps22hh.a(lps22hh.c.obj)
 .text.lps22hh_init
                0x080070be       0x56 zephyr/drivers/sensor/st/lps22hh/libdrivers__sensor__st__lps22hh.a(lps22hh.c.obj)
 .text.lps22hh_work_cb
                0x08007114       0x22 zephyr/drivers/sensor/st/lps22hh/libdrivers__sensor__st__lps22hh.a(lps22hh_trigger.c.obj)
 .text.lps22hh_gpio_callback
                0x08007136       0x1e zephyr/drivers/sensor/st/lps22hh/libdrivers__sensor__st__lps22hh.a(lps22hh_trigger.c.obj)
 .text.lps22hh_trigger_set
                0x08007154       0x64 zephyr/drivers/sensor/st/lps22hh/libdrivers__sensor__st__lps22hh.a(lps22hh_trigger.c.obj)
                0x08007154                lps22hh_trigger_set
 .text.stm32_temp_init
                0x080071b8       0x50 zephyr/drivers/sensor/st/stm32_temp/libdrivers__sensor__st__stm32_temp.a(stm32_temp.c.obj)
 .text.stm32_vbat_channel_get
                0x08007208       0x44 zephyr/drivers/sensor/st/stm32_vbat/libdrivers__sensor__st__stm32_vbat.a(stm32_vbat.c.obj)
 .text.stm32_vbat_init
                0x0800724c       0x4a zephyr/drivers/sensor/st/stm32_vbat/libdrivers__sensor__st__stm32_vbat.a(stm32_vbat.c.obj)
 .text.stm32_vref_channel_get
                0x08007296       0x3c zephyr/drivers/sensor/st/stm32_vref/libdrivers__sensor__st__stm32_vref.a(stm32_vref.c.obj)
 .text.stm32_vref_init
                0x080072d2       0x52 zephyr/drivers/sensor/st/stm32_vref/libdrivers__sensor__st__stm32_vref.a(stm32_vref.c.obj)
 .text.veml7700_attr_get
                0x08007324       0x3c zephyr/drivers/sensor/vishay/veml7700/libdrivers__sensor__vishay__veml7700.a(veml7700.c.obj)
 .text.veml7700_channel_get
                0x08007360       0x30 zephyr/drivers/sensor/vishay/veml7700/libdrivers__sensor__vishay__veml7700.a(veml7700.c.obj)
 .text.veml7700_read.isra.0
                0x08007390       0x50 zephyr/drivers/sensor/vishay/veml7700/libdrivers__sensor__vishay__veml7700.a(veml7700.c.obj)
 .text.veml7700_fetch_int_flags
                0x080073e0       0x26 zephyr/drivers/sensor/vishay/veml7700/libdrivers__sensor__vishay__veml7700.a(veml7700.c.obj)
 .text.veml7700_fetch_white
                0x08007406       0x1c zephyr/drivers/sensor/vishay/veml7700/libdrivers__sensor__vishay__veml7700.a(veml7700.c.obj)
 .text.k_msleep.isra.0
                0x08007422        0xa zephyr/drivers/sensor/vishay/veml7700/libdrivers__sensor__vishay__veml7700.a(veml7700.c.obj)
 .text.veml7700_write.isra.0
                0x0800742c       0x3e zephyr/drivers/sensor/vishay/veml7700/libdrivers__sensor__vishay__veml7700.a(veml7700.c.obj)
 .text.veml7700_sample_fetch
                0x0800746a       0xca zephyr/drivers/sensor/vishay/veml7700/libdrivers__sensor__vishay__veml7700.a(veml7700.c.obj)
 .text.veml7700_init
                0x08007534       0x72 zephyr/drivers/sensor/vishay/veml7700/libdrivers__sensor__vishay__veml7700.a(veml7700.c.obj)
 .text.uart_stm32_ll2cfg_databits
                0x080075a6       0x2a zephyr/drivers/serial/libdrivers__serial.a(uart_stm32.c.obj)
 .text.uart_stm32_err_check
                0x080075d0       0x5a zephyr/drivers/serial/libdrivers__serial.a(uart_stm32.c.obj)
 .text.uart_stm32_set_baudrate.isra.0
                0x0800762a       0x48 zephyr/drivers/serial/libdrivers__serial.a(uart_stm32.c.obj)
 .text.uart_stm32_poll_out
                0x08007672       0x36 zephyr/drivers/serial/libdrivers__serial.a(uart_stm32.c.obj)
 .text.uart_stm32_poll_in
                0x080076a8       0x20 zephyr/drivers/serial/libdrivers__serial.a(uart_stm32.c.obj)
 .text.uart_stm32_config_get
                0x080076c8       0x92 zephyr/drivers/serial/libdrivers__serial.a(uart_stm32.c.obj)
 .text.z_impl_k_busy_wait
                0x0800775a       0x1c zephyr/kernel/libkernel.a(busy_wait.c.obj)
                0x0800775a                z_impl_k_busy_wait
 .text.do_device_init
                0x08007776       0x30 zephyr/kernel/libkernel.a(device.c.obj)
                0x08007776                do_device_init
 .text.z_impl_device_is_ready
                0x080077a6       0x16 zephyr/kernel/libkernel.a(device.c.obj)
                0x080077a6                z_impl_device_is_ready
 .text.arch_system_halt
                0x080077bc       0x10 zephyr/kernel/libkernel.a(fatal.c.obj)
                0x080077bc                arch_system_halt
 .text.k_sys_fatal_error_handler
                0x080077cc        0x6 zephyr/kernel/libkernel.a(fatal.c.obj)
                0x080077cc                k_sys_fatal_error_handler
 .text.idle     0x080077d2       0x16 zephyr/kernel/libkernel.a(idle.c.obj)
                0x080077d2                idle
 .text.adjust_owner_prio.isra.0
                0x080077e8       0x10 zephyr/kernel/libkernel.a(mutex.c.obj)
 .text.z_impl_k_mutex_init
                0x080077f8        0xe zephyr/kernel/libkernel.a(mutex.c.obj)
                0x080077f8                z_impl_k_mutex_init
 .text.z_impl_k_sem_init
                0x08007806       0x18 zephyr/kernel/libkernel.a(sem.c.obj)
                0x08007806                z_impl_k_sem_init
 .text.flag_test_and_clear
                0x0800781e       0x16 zephyr/kernel/libkernel.a(work.c.obj)
 .text.notify_queue_locked.isra.0
                0x08007834        0xe zephyr/kernel/libkernel.a(work.c.obj)
 .text.z_work_submit_to_queue
                0x08007842       0x26 zephyr/kernel/libkernel.a(work.c.obj)
                0x08007842                z_work_submit_to_queue
 .text.k_work_submit_to_queue
                0x08007868       0x20 zephyr/kernel/libkernel.a(work.c.obj)
                0x08007868                k_work_submit_to_queue
 .text.k_is_in_isr
                0x08007888        0xc zephyr/kernel/libkernel.a(thread.c.obj)
                0x08007888                k_is_in_isr
 .text.z_impl_k_thread_name_set
                0x08007894        0x6 zephyr/kernel/libkernel.a(thread.c.obj)
                0x08007894                z_impl_k_thread_name_set
 .text.z_thread_abort
                0x0800789a       0x3e zephyr/kernel/libkernel.a(thread.c.obj)
                0x0800789a                z_thread_abort
 .text.z_impl_k_yield
                0x080078d8        0x4 zephyr/kernel/libkernel.a(thread.c.obj)
                0x080078d8                z_impl_k_yield
 .text.sys_dlist_remove
                0x080078dc       0x10 zephyr/kernel/libkernel.a(sched.c.obj)
 .text.unpend_thread_no_timeout
                0x080078ec       0x14 zephyr/kernel/libkernel.a(sched.c.obj)
 .text.add_to_waitq_locked
                0x08007900       0x4c zephyr/kernel/libkernel.a(sched.c.obj)
 .text.z_ready_thread
                0x0800794c       0x1e zephyr/kernel/libkernel.a(sched.c.obj)
                0x0800794c                z_ready_thread
 .text.z_sched_ready_locked
                0x0800796a        0x4 zephyr/kernel/libkernel.a(sched.c.obj)
                0x0800796a                z_sched_ready_locked
 .text.z_sched_unready_locked
                0x0800796e        0x4 zephyr/kernel/libkernel.a(sched.c.obj)
                0x0800796e                z_sched_unready_locked
 .text.z_unpend_thread_no_timeout
                0x08007972       0x22 zephyr/kernel/libkernel.a(sched.c.obj)
                0x08007972                z_unpend_thread_no_timeout
 .text.z_sched_wake_thread_locked
                0x08007994       0x28 zephyr/kernel/libkernel.a(sched.c.obj)
                0x08007994                z_sched_wake_thread_locked
 .text.z_thread_timeout
                0x080079bc       0x20 zephyr/kernel/libkernel.a(sched.c.obj)
                0x080079bc                z_thread_timeout
 .text.z_unpend1_no_timeout
                0x080079dc       0x2c zephyr/kernel/libkernel.a(sched.c.obj)
                0x080079dc                z_unpend1_no_timeout
 .text.z_reschedule
                0x08007a08        0x6 zephyr/kernel/libkernel.a(sched.c.obj)
                0x08007a08                z_reschedule
 .text.z_impl_k_sleep
                0x08007a0e       0x32 zephyr/kernel/libkernel.a(sleep.c.obj)
                0x08007a0e                z_impl_k_sleep
 .text.z_impl_k_usleep
                0x08007a40       0x22 zephyr/kernel/libkernel.a(sleep.c.obj)
                0x08007a40                z_impl_k_usleep
 .text.z_sched_wake
                0x08007a62       0x56 zephyr/kernel/libkernel.a(scheduler.c.obj)
                0x08007a62                z_sched_wake
 .text.next_timeout
                0x08007ab8       0x2e zephyr/kernel/libkernel.a(timeout.c.obj)
 .text.sys_clock_tick_get_32
                0x08007ae6        0x8 zephyr/kernel/libkernel.a(timeout.c.obj)
                0x08007ae6                sys_clock_tick_get_32
 .text.z_impl_k_uptime_ticks
                0x08007aee        0x4 zephyr/kernel/libkernel.a(timeout.c.obj)
                0x08007aee                z_impl_k_uptime_ticks
 .text.memcpy   0x08007af2       0x1a /home/fae/zephyr-sdk-1.0.1/gnu/arm-zephyr-eabi/bin/../lib/gcc/arm-zephyr-eabi/14.3.0/../../../../arm-zephyr-eabi/lib/thumb/v8-m.main/nofp/space/libc.a(memcpy.c.o)
                0x08007af2                memcpy
                0x08007af2                __aeabi_memcpy
                0x08007af2                __aeabi_memcpy4
                0x08007af2                __aeabi_memcpy8
 .text.memset   0x08007b0c       0x10 /home/fae/zephyr-sdk-1.0.1/gnu/arm-zephyr-eabi/bin/../lib/gcc/arm-zephyr-eabi/14.3.0/../../../../arm-zephyr-eabi/lib/thumb/v8-m.main/nofp/space/libc.a(memset.c.o)
                0x08007b0c                memset
 .text.strnlen  0x08007b1c       0x18 /home/fae/zephyr-sdk-1.0.1/gnu/arm-zephyr-eabi/bin/../lib/gcc/arm-zephyr-eabi/14.3.0/../../../../arm-zephyr-eabi/lib/thumb/v8-m.main/nofp/space/libc.a(libc_string_strnlen.c.o)
                0x08007b1c                strnlen
 .text.__ultoa_invert
                0x08007b34       0xac /home/fae/zephyr-sdk-1.0.1/gnu/arm-zephyr-eabi/bin/../lib/gcc/arm-zephyr-eabi/14.3.0/../../../../arm-zephyr-eabi/lib/thumb/v8-m.main/nofp/space/libc.a(libc_tinystdio_vflprintf.c.o)
 *(SORT_BY_ALIGNMENT(.gnu.linkonce.t.*))
 *(SORT_BY_ALIGNMENT(.glue_7t))
 .glue_7t       0x08007be0        0x0 linker stubs
 *(SORT_BY_ALIGNMENT(.glue_7))
 .glue_7        0x08007be0        0x0 linker stubs
 *(SORT_BY_ALIGNMENT(.vfp11_veneer))
 .vfp11_veneer  0x08007be0        0x0 linker stubs
 *(SORT_BY_ALIGNMENT(.v4_bx))
 .v4_bx         0x08007be0        0x0 linker stubs
                0x08007be0                        . = ALIGN (0x4)
                0x08007be0                        __text_region_end = .

.ARM.exidx      0x08007be0        0x8
                0x08007be0                        __exidx_start = .
 *(SORT_BY_ALIGNMENT(.ARM.exidx*) SORT_BY_ALIGNMENT(gnu.linkonce.armexidx.*))
 .ARM.exidx     0x08007be0        0x8 /home/fae/zephyr-sdk-1.0.1/gnu/arm-zephyr-eabi/bin/../lib/gcc/arm-zephyr-eabi/14.3.0/thumb/v8-m.main/nofp/space/libgcc.a(_udivmoddi4.o)
                0x08007be8                        __exidx_end = .
                0x08007be8                        __rodata_region_start = .

initlevel       0x08007be8      0x110
                0x08007be8                        __init_start = .
                0x08007be8                        __init_EARLY_start = .
 *(SORT_BY_NAME(SORT_BY_ALIGNMENT(.z_init_EARLY_P_?_*)))
 *(SORT_BY_NAME(SORT_BY_ALIGNMENT(.z_init_EARLY_P_??_*)))
 *(SORT_BY_NAME(SORT_BY_ALIGNMENT(.z_init_EARLY_P_???_*)))
                0x08007be8                        __init_PRE_KERNEL_1_start = .
 *(SORT_BY_NAME(SORT_BY_ALIGNMENT(.z_init_PRE_KERNEL_1_P_?_*)))
 .z_init_PRE_KERNEL_1_P_1_SUB_00010_
                0x08007be8        0x8 zephyr/drivers/clock_control/libdrivers__clock_control.a(clock_stm32_ll_u5.c.obj)
 .z_init_PRE_KERNEL_1_P_1_SUB_0_
                0x08007bf0        0x8 zephyr/libzephyr.a(soc_config.c.obj)
 *(SORT_BY_NAME(SORT_BY_ALIGNMENT(.z_init_PRE_KERNEL_1_P_??_*)))
 .z_init_PRE_KERNEL_1_P_35_SUB_00079_
                0x08007bf8        0x8 zephyr/drivers/reset/libdrivers__reset.a(reset_stm32.c.obj)
 .z_init_PRE_KERNEL_1_P_40_SUB_00070_
                0x08007c00        0x8 zephyr/libzephyr.a(gpioport_mgr.c.obj)
 .z_init_PRE_KERNEL_1_P_40_SUB_00073_
                0x08007c08        0x8 zephyr/libzephyr.a(gpioport_mgr.c.obj)
 .z_init_PRE_KERNEL_1_P_40_SUB_00085_
                0x08007c10        0x8 zephyr/libzephyr.a(gpioport_mgr.c.obj)
 .z_init_PRE_KERNEL_1_P_40_SUB_00087_
                0x08007c18        0x8 zephyr/drivers/interrupt_controller/libdrivers__interrupt_controller.a(intc_exti_stm32.c.obj)
 .z_init_PRE_KERNEL_1_P_40_SUB_00135_
                0x08007c20        0x8 zephyr/libzephyr.a(gpioport_mgr.c.obj)
 .z_init_PRE_KERNEL_1_P_40_SUB_00137_
                0x08007c28        0x8 zephyr/libzephyr.a(gpioport_mgr.c.obj)
 .z_init_PRE_KERNEL_1_P_40_SUB_00139_
                0x08007c30        0x8 zephyr/libzephyr.a(gpioport_mgr.c.obj)
 .z_init_PRE_KERNEL_1_P_40_SUB_00144_
                0x08007c38        0x8 zephyr/libzephyr.a(gpioport_mgr.c.obj)
 .z_init_PRE_KERNEL_1_P_40_SUB_00145_
                0x08007c40        0x8 zephyr/libzephyr.a(gpioport_mgr.c.obj)
 .z_init_PRE_KERNEL_1_P_40_SUB_00146_
                0x08007c48        0x8 zephyr/libzephyr.a(gpioport_mgr.c.obj)
 .z_init_PRE_KERNEL_1_P_40_SUB_0_
                0x08007c50        0x8 zephyr/drivers/interrupt_controller/libdrivers__interrupt_controller.a(intc_gpio_stm32.c.obj)
 .z_init_PRE_KERNEL_1_P_50_SUB_00103_
                0x08007c58        0x8 zephyr/drivers/serial/libdrivers__serial.a(uart_stm32.c.obj)
 .z_init_PRE_KERNEL_1_P_50_SUB_00107_
                0x08007c60        0x8 zephyr/drivers/serial/libdrivers__serial.a(uart_stm32.c.obj)
 .z_init_PRE_KERNEL_1_P_50_SUB_00158_
                0x08007c68        0x8 zephyr/drivers/serial/libdrivers__serial.a(uart_stm32.c.obj)
 .z_init_PRE_KERNEL_1_P_60_SUB_0_
                0x08007c70        0x8 zephyr/drivers/console/libdrivers__console.a(uart_console.c.obj)
 *(SORT_BY_NAME(SORT_BY_ALIGNMENT(.z_init_PRE_KERNEL_1_P_???_*)))
                0x08007c78                        __init_PRE_KERNEL_2_start = .
 *(SORT_BY_NAME(SORT_BY_ALIGNMENT(.z_init_PRE_KERNEL_2_P_?_*)))
 .z_init_PRE_KERNEL_2_P_0_SUB_0_
                0x08007c78        0x8 zephyr/drivers/timer/libdrivers__timer.a(cortex_m_systick.c.obj)
 *(SORT_BY_NAME(SORT_BY_ALIGNMENT(.z_init_PRE_KERNEL_2_P_??_*)))
 *(SORT_BY_NAME(SORT_BY_ALIGNMENT(.z_init_PRE_KERNEL_2_P_???_*)))
                0x08007c80                        __init_POST_KERNEL_start = .
 *(SORT_BY_NAME(SORT_BY_ALIGNMENT(.z_init_POST_KERNEL_P_?_*)))
 *(SORT_BY_NAME(SORT_BY_ALIGNMENT(.z_init_POST_KERNEL_P_??_*)))
 .z_init_POST_KERNEL_P_35_SUB_0_
                0x08007c80        0x8 zephyr/lib/libc/common/liblib__libc__common.a(malloc.c.obj)
 .z_init_POST_KERNEL_P_40_SUB_0_
                0x08007c88        0x8 zephyr/kernel/libkernel.a(system_work_q.c.obj)
 .z_init_POST_KERNEL_P_50_SUB_00013_
                0x08007c90        0x8 zephyr/drivers/adc/libdrivers__adc.a(adc_stm32.c.obj)
 .z_init_POST_KERNEL_P_50_SUB_00027_
                0x08007c98        0x8 zephyr/drivers/i2c/libdrivers__i2c.a(i2c_stm32.c.obj)
 .z_init_POST_KERNEL_P_50_SUB_00031_
                0x08007ca0        0x8 zephyr/drivers/i2c/libdrivers__i2c.a(i2c_stm32.c.obj)
 .z_init_POST_KERNEL_P_50_SUB_00050_
                0x08007ca8        0x8 zephyr/drivers/adc/libdrivers__adc.a(adc_stm32.c.obj)
 .z_init_POST_KERNEL_P_90_SUB_00019_
                0x08007cb0        0x8 zephyr/drivers/sensor/st/stm32_temp/libdrivers__sensor__st__stm32_temp.a(stm32_temp.c.obj)
 .z_init_POST_KERNEL_P_90_SUB_00051_
                0x08007cb8        0x8 zephyr/drivers/sensor/st/stm32_vbat/libdrivers__sensor__st__stm32_vbat.a(stm32_vbat.c.obj)
 .z_init_POST_KERNEL_P_90_SUB_00053_
                0x08007cc0        0x8 zephyr/drivers/sensor/st/stm32_vref/libdrivers__sensor__st__stm32_vref.a(stm32_vref.c.obj)
 .z_init_POST_KERNEL_P_90_SUB_00134_
                0x08007cc8        0x8 zephyr/drivers/sensor/st/hts221/libdrivers__sensor__st__hts221.a(hts221.c.obj)
 .z_init_POST_KERNEL_P_90_SUB_00136_
                0x08007cd0        0x8 zephyr/drivers/sensor/st/iis2mdc/libdrivers__sensor__st__iis2mdc.a(iis2mdc.c.obj)
 .z_init_POST_KERNEL_P_90_SUB_00138_
                0x08007cd8        0x8 zephyr/drivers/sensor/st/ism330dhcx/libdrivers__sensor__st__ism330dhcx.a(ism330dhcx.c.obj)
 .z_init_POST_KERNEL_P_90_SUB_00140_
                0x08007ce0        0x8 zephyr/drivers/sensor/st/lps22hh/libdrivers__sensor__st__lps22hh.a(lps22hh.c.obj)
 .z_init_POST_KERNEL_P_90_SUB_00141_
                0x08007ce8        0x8 zephyr/drivers/sensor/vishay/veml7700/libdrivers__sensor__vishay__veml7700.a(veml7700.c.obj)
 *(SORT_BY_NAME(SORT_BY_ALIGNMENT(.z_init_POST_KERNEL_P_???_*)))
                0x08007cf0                        __init_APPLICATION_start = .
 *(SORT_BY_NAME(SORT_BY_ALIGNMENT(.z_init_APPLICATION_P_?_*)))
 .z_init_APPLICATION_P_0_SUB_0_
                0x08007cf0        0x8 zephyr/libzephyr.a(boot_banner.c.obj)
 *(SORT_BY_NAME(SORT_BY_ALIGNMENT(.z_init_APPLICATION_P_??_*)))
 *(SORT_BY_NAME(SORT_BY_ALIGNMENT(.z_init_APPLICATION_P_???_*)))
                0x08007cf8                        __init_SMP_start = .
 *(SORT_BY_NAME(SORT_BY_ALIGNMENT(.z_init_SMP_P_?_*)))
 *(SORT_BY_NAME(SORT_BY_ALIGNMENT(.z_init_SMP_P_??_*)))
 *(SORT_BY_NAME(SORT_BY_ALIGNMENT(.z_init_SMP_P_???_*)))
                0x08007cf8                        __init_end = .

device_area     0x08007cf8      0x2f4
                0x08007cf8                        _device_list_start = .
 *(SORT_BY_NAME(SORT_BY_ALIGNMENT(._device.static.*_?_*)))
 ._device.static.1_1_
                0x08007cf8       0x1c zephyr/drivers/clock_control/libdrivers__clock_control.a(clock_stm32_ll_u5.c.obj)
                0x08007cf8                __device_dts_ord_10
 *(SORT_BY_NAME(SORT_BY_ALIGNMENT(._device.static.*_??_*)))
 ._device.static.1_35_
                0x08007d14       0x1c zephyr/drivers/reset/libdrivers__reset.a(reset_stm32.c.obj)
                0x08007d14                __device_dts_ord_79
 ._device.static.1_40_
                0x08007d30       0xfc zephyr/libzephyr.a(gpioport_mgr.c.obj)
                0x08007d30                __device_dts_ord_85
                0x08007d4c                __device_dts_ord_73
                0x08007d68                __device_dts_ord_139
                0x08007d84                __device_dts_ord_144
                0x08007da0                __device_dts_ord_137
                0x08007dbc                __device_dts_ord_135
                0x08007dd8                __device_dts_ord_70
                0x08007df4                __device_dts_ord_146
                0x08007e10                __device_dts_ord_145
 ._device.static.1_40_
                0x08007e2c       0x1c zephyr/drivers/interrupt_controller/libdrivers__interrupt_controller.a(intc_exti_stm32.c.obj)
                0x08007e2c                __device_dts_ord_87
 ._device.static.1_50_
                0x08007e48       0x54 zephyr/drivers/serial/libdrivers__serial.a(uart_stm32.c.obj)
                0x08007e48                __device_dts_ord_158
                0x08007e64                __device_dts_ord_103
                0x08007e80                __device_dts_ord_107
 ._device.static.3_50_
                0x08007e9c       0x38 zephyr/drivers/adc/libdrivers__adc.a(adc_stm32.c.obj)
                0x08007e9c                __device_dts_ord_50
                0x08007eb8                __device_dts_ord_13
 ._device.static.3_50_
                0x08007ed4       0x38 zephyr/drivers/i2c/libdrivers__i2c.a(i2c_stm32.c.obj)
                0x08007ed4                __device_dts_ord_31
                0x08007ef0                __device_dts_ord_27
 ._device.static.3_90_
                0x08007f0c       0x1c zephyr/drivers/sensor/st/hts221/libdrivers__sensor__st__hts221.a(hts221.c.obj)
                0x08007f0c                __device_dts_ord_134
 ._device.static.3_90_
                0x08007f28       0x1c zephyr/drivers/sensor/st/iis2mdc/libdrivers__sensor__st__iis2mdc.a(iis2mdc.c.obj)
                0x08007f28                __device_dts_ord_136
 ._device.static.3_90_
                0x08007f44       0x1c zephyr/drivers/sensor/st/ism330dhcx/libdrivers__sensor__st__ism330dhcx.a(ism330dhcx.c.obj)
                0x08007f44                __device_dts_ord_138
 ._device.static.3_90_
                0x08007f60       0x1c zephyr/drivers/sensor/st/lps22hh/libdrivers__sensor__st__lps22hh.a(lps22hh.c.obj)
                0x08007f60                __device_dts_ord_140
 ._device.static.3_90_
                0x08007f7c       0x1c zephyr/drivers/sensor/st/stm32_temp/libdrivers__sensor__st__stm32_temp.a(stm32_temp.c.obj)
                0x08007f7c                __device_dts_ord_19
 ._device.static.3_90_
                0x08007f98       0x1c zephyr/drivers/sensor/st/stm32_vbat/libdrivers__sensor__st__stm32_vbat.a(stm32_vbat.c.obj)
                0x08007f98                __device_dts_ord_51
 ._device.static.3_90_
                0x08007fb4       0x1c zephyr/drivers/sensor/st/stm32_vref/libdrivers__sensor__st__stm32_vref.a(stm32_vref.c.obj)
                0x08007fb4                __device_dts_ord_53
 ._device.static.3_90_
                0x08007fd0       0x1c zephyr/drivers/sensor/vishay/veml7700/libdrivers__sensor__vishay__veml7700.a(veml7700.c.obj)
                0x08007fd0                __device_dts_ord_141
 *(SORT_BY_NAME(SORT_BY_ALIGNMENT(._device.static.*_???_*)))
 *(SORT_BY_NAME(SORT_BY_ALIGNMENT(._device.static.*_????_*)))
 *(SORT_BY_NAME(SORT_BY_ALIGNMENT(._device.static.*_?????_*)))
                0x08007fec                        _device_list_end = .

sw_isr_table    0x08007fec      0x3c8
                0x08007fec                        . = ALIGN (0x4)
 *(SORT_BY_ALIGNMENT(.gnu.linkonce.sw_isr_table*))
 .gnu.linkonce.sw_isr_table
                0x08007fec      0x3c8 zephyr/arch/common/libisr_tables.a(isr_tables.c.obj)
                0x08007fec                _sw_isr_table

initlevel_error
 *(SORT_BY_NAME(SORT_BY_ALIGNMENT(.z_init_*)))
                0x00000001                        ASSERT ((SIZEOF (initlevel_error) == 0x0), Undefined initialization levels used.)

app_shmem_regions
                0x080083b4        0x0
                0x080083b4                        __app_shmem_regions_start = .
 *(SORT_BY_NAME(SORT_BY_ALIGNMENT(.app_regions.*)))
                0x080083b4                        __app_shmem_regions_end = .

k_p4wq_initparam_area
                0x080083b4        0x0
                0x080083b4                        _k_p4wq_initparam_list_start = .
 *(SORT_BY_NAME(SORT_BY_ALIGNMENT(._k_p4wq_initparam.static.*)))
                0x080083b4                        _k_p4wq_initparam_list_end = .

_static_thread_data_area
                0x080083b4        0x0
                0x080083b4                        __static_thread_data_list_start = .
 *(SORT_BY_NAME(SORT_BY_ALIGNMENT(.__static_thread_data.static.*)))
                0x080083b4                        __static_thread_data_list_end = .

device_deps     0x080083b4        0x0
                0x080083b4                        __device_deps_start = .
 *(SORT_BY_NAME(SORT_BY_ALIGNMENT(.__device_deps_pass2*)))
                0x080083b4                        __device_deps_end = .

device_api_area
                0x080083b4      0x168
                0x080083b4                        _adc_driver_api_list_start = .
 *(SORT_BY_NAME(SORT_BY_ALIGNMENT(._adc_driver_api.static.*)))
 ._adc_driver_api.static.api_stm32_driver_api_
                0x080083b4        0xc zephyr/drivers/adc/libdrivers__adc.a(adc_stm32.c.obj)
                0x080083c0                        _adc_driver_api_list_end = .
                0x080083c0                        _adc_driver_api_ext_end = .
                0x080083c0                        _gpio_driver_api_list_start = .
 *(SORT_BY_NAME(SORT_BY_ALIGNMENT(._gpio_driver_api.static.*)))
 ._gpio_driver_api.static.gpio_stm32_driver_
                0x080083c0       0x24 zephyr/drivers/gpio/libdrivers__gpio.a(gpio_stm32.c.obj)
                0x080083c0                gpio_stm32_driver
                0x080083e4                        _gpio_driver_api_list_end = .
                0x080083e4                        _gpio_driver_api_ext_end = .
                0x080083e4                        _i2c_driver_api_list_start = .
 *(SORT_BY_NAME(SORT_BY_ALIGNMENT(._i2c_driver_api.static.*)))
 ._i2c_driver_api.static.api_funcs_
                0x080083e4       0x18 zephyr/drivers/i2c/libdrivers__i2c.a(i2c_stm32.c.obj)
                0x080083fc                        _i2c_driver_api_list_end = .
                0x080083fc                        _i3c_driver_api_list_start = .
 *(SORT_BY_NAME(SORT_BY_ALIGNMENT(._i3c_driver_api.static.*)))
                0x080083fc                        _i3c_driver_api_list_end = .
                0x080083fc                        _i3c_driver_api_ext_end = .
                0x080083fc                        _i2c_driver_api_ext_end = .
                0x080083fc                        _i2c_target_driver_api_list_start = .
 *(SORT_BY_NAME(SORT_BY_ALIGNMENT(._i2c_target_driver_api.static.*)))
                0x080083fc                        _i2c_target_driver_api_list_end = .
                0x080083fc                        _i2c_target_driver_api_ext_end = .
                0x080083fc                        _reset_driver_api_list_start = .
 *(SORT_BY_NAME(SORT_BY_ALIGNMENT(._reset_driver_api.static.*)))
 ._reset_driver_api.static.reset_stm32_driver_api_
                0x080083fc       0x10 zephyr/drivers/reset/libdrivers__reset.a(reset_stm32.c.obj)
                0x0800840c                        _reset_driver_api_list_end = .
                0x0800840c                        _reset_driver_api_ext_end = .
                0x0800840c                        _sensor_driver_api_list_start = .
 *(SORT_BY_NAME(SORT_BY_ALIGNMENT(._sensor_driver_api.static.*)))
 ._sensor_driver_api.static.hts221_driver_api_
                0x0800840c       0x1c zephyr/drivers/sensor/st/hts221/libdrivers__sensor__st__hts221.a(hts221.c.obj)
 ._sensor_driver_api.static.iis2mdc_driver_api_
                0x08008428       0x1c zephyr/drivers/sensor/st/iis2mdc/libdrivers__sensor__st__iis2mdc.a(iis2mdc.c.obj)
 ._sensor_driver_api.static.ism330dhcx_api_funcs_
                0x08008444       0x1c zephyr/drivers/sensor/st/ism330dhcx/libdrivers__sensor__st__ism330dhcx.a(ism330dhcx.c.obj)
 ._sensor_driver_api.static.lps22hh_driver_api_
                0x08008460       0x1c zephyr/drivers/sensor/st/lps22hh/libdrivers__sensor__st__lps22hh.a(lps22hh.c.obj)
 ._sensor_driver_api.static.stm32_temp_driver_api_
                0x0800847c       0x1c zephyr/drivers/sensor/st/stm32_temp/libdrivers__sensor__st__stm32_temp.a(stm32_temp.c.obj)
 ._sensor_driver_api.static.stm32_vbat_driver_api_
                0x08008498       0x1c zephyr/drivers/sensor/st/stm32_vbat/libdrivers__sensor__st__stm32_vbat.a(stm32_vbat.c.obj)
 ._sensor_driver_api.static.stm32_vref_driver_api_
                0x080084b4       0x1c zephyr/drivers/sensor/st/stm32_vref/libdrivers__sensor__st__stm32_vref.a(stm32_vref.c.obj)
 ._sensor_driver_api.static.veml7700_api_
                0x080084d0       0x1c zephyr/drivers/sensor/vishay/veml7700/libdrivers__sensor__vishay__veml7700.a(veml7700.c.obj)
                0x080084ec                        _sensor_driver_api_list_end = .
                0x080084ec                        _sensor_driver_api_ext_end = .
                0x080084ec                        _shared_irq_driver_api_list_start = .
 *(SORT_BY_NAME(SORT_BY_ALIGNMENT(._shared_irq_driver_api.static.*)))
                0x080084ec                        _shared_irq_driver_api_list_end = .
                0x080084ec                        _shared_irq_driver_api_ext_end = .
                0x080084ec                        _dmic_driver_api_list_start = .
 *(SORT_BY_NAME(SORT_BY_ALIGNMENT(._dmic_driver_api.static.*)))
                0x080084ec                        _dmic_driver_api_list_end = .
                0x080084ec                        _dmic_driver_api_ext_end = .
                0x080084ec                        _crypto_driver_api_list_start = .
 *(SORT_BY_NAME(SORT_BY_ALIGNMENT(._crypto_driver_api.static.*)))
                0x080084ec                        _crypto_driver_api_list_end = .
                0x080084ec                        _crypto_driver_api_ext_end = .
                0x080084ec                        _auxdisplay_driver_api_list_start = .
 *(SORT_BY_NAME(SORT_BY_ALIGNMENT(._auxdisplay_driver_api.static.*)))
                0x080084ec                        _auxdisplay_driver_api_list_end = .
                0x080084ec                        _auxdisplay_driver_api_ext_end = .
                0x080084ec                        _bbram_driver_api_list_start = .
 *(SORT_BY_NAME(SORT_BY_ALIGNMENT(._bbram_driver_api.static.*)))
                0x080084ec                        _bbram_driver_api_list_end = .
                0x080084ec                        _bbram_driver_api_ext_end = .
                0x080084ec                        _biometric_driver_api_list_start = .
 *(SORT_BY_NAME(SORT_BY_ALIGNMENT(._biometric_driver_api.static.*)))
                0x080084ec                        _biometric_driver_api_list_end = .
                0x080084ec                        _biometric_driver_api_ext_end = .
                0x080084ec                        _bt_hci_driver_api_list_start = .
 *(SORT_BY_NAME(SORT_BY_ALIGNMENT(._bt_hci_driver_api.static.*)))
                0x080084ec                        _bt_hci_driver_api_list_end = .
                0x080084ec                        _bt_hci_driver_api_ext_end = .
                0x080084ec                        _can_driver_api_list_start = .
 *(SORT_BY_NAME(SORT_BY_ALIGNMENT(._can_driver_api.static.*)))
                0x080084ec                        _can_driver_api_list_end = .
                0x080084ec                        _can_driver_api_ext_end = .
                0x080084ec                        _cellular_driver_api_list_start = .
 *(SORT_BY_NAME(SORT_BY_ALIGNMENT(._cellular_driver_api.static.*)))
                0x080084ec                        _cellular_driver_api_list_end = .
                0x080084ec                        _cellular_driver_api_ext_end = .
                0x080084ec                        _charger_driver_api_list_start = .
 *(SORT_BY_NAME(SORT_BY_ALIGNMENT(._charger_driver_api.static.*)))
                0x080084ec                        _charger_driver_api_list_end = .
                0x080084ec                        _charger_driver_api_ext_end = .
                0x080084ec                        _clock_control_driver_api_list_start = .
 *(SORT_BY_NAME(SORT_BY_ALIGNMENT(._clock_control_driver_api.static.*)))
 ._clock_control_driver_api.static.stm32_clock_control_api_
                0x080084ec       0x1c zephyr/drivers/clock_control/libdrivers__clock_control.a(clock_stm32_ll_u5.c.obj)
                0x08008508                        _clock_control_driver_api_list_end = .
                0x08008508                        _nrf_clock_control_driver_api_list_start = .
 *(SORT_BY_NAME(SORT_BY_ALIGNMENT(._nrf_clock_control_driver_api.static.*)))
                0x08008508                        _nrf_clock_control_driver_api_list_end = .
                0x08008508                        _nrf_clock_control_driver_api_ext_end = .
                0x08008508                        _clock_control_driver_api_ext_end = .
                0x08008508                        _comparator_driver_api_list_start = .
 *(SORT_BY_NAME(SORT_BY_ALIGNMENT(._comparator_driver_api.static.*)))
                0x08008508                        _comparator_driver_api_list_end = .
                0x08008508                        _comparator_driver_api_ext_end = .
                0x08008508                        _coredump_driver_api_list_start = .
 *(SORT_BY_NAME(SORT_BY_ALIGNMENT(._coredump_driver_api.static.*)))
                0x08008508                        _coredump_driver_api_list_end = .
                0x08008508                        _coredump_driver_api_ext_end = .
                0x08008508                        _counter_driver_api_list_start = .
 *(SORT_BY_NAME(SORT_BY_ALIGNMENT(._counter_driver_api.static.*)))
                0x08008508                        _counter_driver_api_list_end = .
                0x08008508                        _counter_driver_api_ext_end = .
                0x08008508                        _crc_driver_api_list_start = .
 *(SORT_BY_NAME(SORT_BY_ALIGNMENT(._crc_driver_api.static.*)))
                0x08008508                        _crc_driver_api_list_end = .
                0x08008508                        _crc_driver_api_ext_end = .
                0x08008508                        _dac_driver_api_list_start = .
 *(SORT_BY_NAME(SORT_BY_ALIGNMENT(._dac_driver_api.static.*)))
                0x08008508                        _dac_driver_api_list_end = .
                0x08008508                        _dac_driver_api_ext_end = .
                0x08008508                        _dai_driver_api_list_start = .
 *(SORT_BY_NAME(SORT_BY_ALIGNMENT(._dai_driver_api.static.*)))
                0x08008508                        _dai_driver_api_list_end = .
                0x08008508                        _dai_driver_api_ext_end = .
                0x08008508                        _display_driver_api_list_start = .
 *(SORT_BY_NAME(SORT_BY_ALIGNMENT(._display_driver_api.static.*)))
                0x08008508                        _display_driver_api_list_end = .
                0x08008508                        _display_driver_api_ext_end = .
                0x08008508                        _dma_driver_api_list_start = .
 *(SORT_BY_NAME(SORT_BY_ALIGNMENT(._dma_driver_api.static.*)))
                0x08008508                        _dma_driver_api_list_end = .
                0x08008508                        _dma_driver_api_ext_end = .
                0x08008508                        _edac_driver_api_list_start = .
 *(SORT_BY_NAME(SORT_BY_ALIGNMENT(._edac_driver_api.static.*)))
                0x08008508                        _edac_driver_api_list_end = .
                0x08008508                        _edac_driver_api_ext_end = .
                0x08008508                        _eeprom_driver_api_list_start = .
 *(SORT_BY_NAME(SORT_BY_ALIGNMENT(._eeprom_driver_api.static.*)))
                0x08008508                        _eeprom_driver_api_list_end = .
                0x08008508                        _eeprom_driver_api_ext_end = .
                0x08008508                        _emul_bbram_driver_api_list_start = .
 *(SORT_BY_NAME(SORT_BY_ALIGNMENT(._emul_bbram_driver_api.static.*)))
                0x08008508                        _emul_bbram_driver_api_list_end = .
                0x08008508                        _emul_bbram_driver_api_ext_end = .
                0x08008508                        _fuel_gauge_emul_driver_api_list_start = .
 *(SORT_BY_NAME(SORT_BY_ALIGNMENT(._fuel_gauge_emul_driver_api.static.*)))
                0x08008508                        _fuel_gauge_emul_driver_api_list_end = .
                0x08008508                        _fuel_gauge_emul_driver_api_ext_end = .
                0x08008508                        _emul_sensor_driver_api_list_start = .
 *(SORT_BY_NAME(SORT_BY_ALIGNMENT(._emul_sensor_driver_api.static.*)))
                0x08008508                        _emul_sensor_driver_api_list_end = .
                0x08008508                        _emul_sensor_driver_api_ext_end = .
                0x08008508                        _entropy_driver_api_list_start = .
 *(SORT_BY_NAME(SORT_BY_ALIGNMENT(._entropy_driver_api.static.*)))
                0x08008508                        _entropy_driver_api_list_end = .
                0x08008508                        _entropy_driver_api_ext_end = .
                0x08008508                        _espi_driver_api_list_start = .
 *(SORT_BY_NAME(SORT_BY_ALIGNMENT(._espi_driver_api.static.*)))
                0x08008508                        _espi_driver_api_list_end = .
                0x08008508                        _espi_driver_api_ext_end = .
                0x08008508                        _espi_saf_driver_api_list_start = .
 *(SORT_BY_NAME(SORT_BY_ALIGNMENT(._espi_saf_driver_api.static.*)))
                0x08008508                        _espi_saf_driver_api_list_end = .
                0x08008508                        _espi_saf_driver_api_ext_end = .
                0x08008508                        _flash_driver_api_list_start = .
 *(SORT_BY_NAME(SORT_BY_ALIGNMENT(._flash_driver_api.static.*)))
                0x08008508                        _flash_driver_api_list_end = .
                0x08008508                        _flash_driver_api_ext_end = .
                0x08008508                        _fpga_driver_api_list_start = .
 *(SORT_BY_NAME(SORT_BY_ALIGNMENT(._fpga_driver_api.static.*)))
                0x08008508                        _fpga_driver_api_list_end = .
                0x08008508                        _fpga_driver_api_ext_end = .
                0x08008508                        _fuel_gauge_driver_api_list_start = .
 *(SORT_BY_NAME(SORT_BY_ALIGNMENT(._fuel_gauge_driver_api.static.*)))
                0x08008508                        _fuel_gauge_driver_api_list_end = .
                0x08008508                        _fuel_gauge_driver_api_ext_end = .
                0x08008508                        _gnss_driver_api_list_start = .
 *(SORT_BY_NAME(SORT_BY_ALIGNMENT(._gnss_driver_api.static.*)))
                0x08008508                        _gnss_driver_api_list_end = .
                0x08008508                        _gnss_driver_api_ext_end = .
                0x08008508                        _haptics_driver_api_list_start = .
 *(SORT_BY_NAME(SORT_BY_ALIGNMENT(._haptics_driver_api.static.*)))
                0x08008508                        _haptics_driver_api_list_end = .